Sep 18 06:26:09 dr100 liblogging-stdlog:  [origin software="rsyslogd" swVersion="8.24.0" x-pid="324" x-info="http://www.rsyslog.com"] rsyslogd was HUPed
Sep 18 06:26:11 dr100 CRON[1250]: (CRON) info (No MTA installed, discarding output)
Sep 18 06:26:20 dr100 systemd[1]: Started GPS (Global Positioning System) Daemon.
Sep 18 06:26:20 dr100 kernel: [   95.908891] uart-pl011 3f201000.serial: no DMA platform data
Sep 18 06:26:30 dr100 fluentd[406]: Starting Start/stop fluentd :/home/pi/msense-qmi/fluentd/td/gps.pos
Sep 18 06:26:30 dr100 fluentd[406]: /home/pi/msense-qmi/data/gps.json, 3854178, 273047
Sep 18 06:26:30 dr100 fluentd[406]: 3860630, 273047
Sep 18 06:26:30 dr100 fluentd[406]:  ok./home/pi/msense-qmi/fluentd/td/modem_0.pos
Sep 18 06:26:30 dr100 fluentd[406]: /home/pi/msense-qmi/data/modem_0.json, 38247798, 274874
Sep 18 06:26:30 dr100 fluentd[406]: 38284448, 274874
Sep 18 06:26:30 dr100 fluentd[406]:  ok./home/pi/msense-qmi/fluentd/td/modem_1.pos
Sep 18 06:26:30 dr100 fluentd[406]: /home/pi/msense-qmi/data/modem_1.json, 38021913, 274875
Sep 18 06:26:30 dr100 fluentd[406]: 38034495, 274875
Sep 18 06:26:30 dr100 fluentd[406]:  ok./home/pi/msense-qmi/fluentd/td/modem_2.pos
Sep 18 06:26:30 dr100 fluentd[406]: /home/pi/msense-qmi/data/modem_2.json, 42559407, 274876
Sep 18 06:26:30 dr100 fluentd[406]: 42625365, 274876
Sep 18 06:26:30 dr100 fluentd[406]:  ok./home/pi/msense-qmi/fluentd/td/speedtest.pos
Sep 18 06:26:30 dr100 fluentd[406]: /home/pi/msense-qmi/data/speedtest.json, 5531410, 274873
Sep 18 06:26:30 dr100 fluentd[406]: 5525504, 274873
Sep 18 06:26:30 dr100 fluentd[406]:  WARN: last pos (5531410) exceedes the size (5525504) of /home/pi/msense-qmi/data/speedtest.json. fixing../home/pi/msense-qmi/data/speedtest.json#0110000000000545000#01100000000000431b9
Sep 18 06:26:30 dr100 fluentd[406]:  done. fluentd.
Sep 18 06:26:30 dr100 systemd[1]: Started LSB: Start/stop fluentd.
Sep 18 06:26:30 dr100 systemd[1]: Reached target Multi-User System.
Sep 18 06:26:30 dr100 systemd[1]: Reached target Graphical Interface.
Sep 18 06:26:30 dr100 systemd[1]: Starting Update UTMP about System Runlevel Changes...
Sep 18 06:26:30 dr100 systemd[1]: Started Update UTMP about System Runlevel Changes.
Sep 18 06:26:30 dr100 systemd[1]: Startup finished in 1.768s (kernel) + 1min 44.431s (userspace) = 1min 46.199s.
Sep 18 06:39:46 dr100 systemd[1]: Starting Cleanup of Temporary Directories...
Sep 18 06:39:47 dr100 systemd[1]: Started Cleanup of Temporary Directories.
Sep 18 06:44:14 dr100 kernel: [    0.000000] Booting Linux on physical CPU 0x0
Sep 18 06:44:14 dr100 kernel: [    0.000000] Linux version 4.14.50-v7+ (dc4@dc4-XPS13-9333) (gcc version 4.9.3 (crosstool-NG crosstool-ng-1.22.0-88-g8460611)) #1122 SMP Tue Jun 19 12:26:26 BST 2018
Sep 18 06:44:14 dr100 kernel: [    0.000000] CPU: ARMv7 Processor [410fd034] revision 4 (ARMv7), cr=10c5383d
Sep 18 06:44:14 dr100 kernel: [    0.000000] CPU: div instructions available: patching division code
Sep 18 06:44:14 dr100 kernel: [    0.000000] CPU: PIPT / VIPT nonaliasing data cache, VIPT aliasing instruction cache
Sep 18 06:44:14 dr100 kernel: [    0.000000] OF: fdt: Machine model: Raspberry Pi 3 Model B Plus Rev 1.3
Sep 18 06:44:14 dr100 kernel: [    0.000000] Memory policy: Data cache writealloc
Sep 18 06:44:14 dr100 kernel: [    0.000000] cma: Reserved 8 MiB at 0x3ac00000
Sep 18 06:44:14 dr100 kernel: [    0.000000] On node 0 totalpages: 242688
Sep 18 06:44:14 dr100 kernel: [    0.000000] free_area_init_node: node 0, pgdat 80c85000, node_mem_map ba3a1000
Sep 18 06:44:14 dr100 kernel: [    0.000000]   Normal zone: 2133 pages used for memmap
Sep 18 06:44:14 dr100 kernel: [    0.000000]   Normal zone: 0 pages reserved
Sep 18 06:44:14 dr100 kernel: [    0.000000]   Normal zone: 242688 pages, LIFO batch:31
Sep 18 06:44:14 dr100 kernel: [    0.000000] percpu: Embedded 17 pages/cpu @ba34a000 s38720 r8192 d22720 u69632
Sep 18 06:44:14 dr100 kernel: [    0.000000] pcpu-alloc: s38720 r8192 d22720 u69632 alloc=17*4096
Sep 18 06:44:14 dr100 kernel: [    0.000000] pcpu-alloc: [0] 0 [0] 1 [0] 2 [0] 3 
Sep 18 06:44:14 dr100 kernel: [    0.000000] Built 1 zonelists, mobility grouping on.  Total pages: 240555
Sep 18 06:44:14 dr100 kernel: [    0.000000] Kernel command line: 8250.nr_uarts=1 bcm2708_fb.fbwidth=656 bcm2708_fb.fbheight=416 bcm2708_fb.fbswap=1 vc_mem.mem_base=0x3ec00000 vc_mem.mem_size=0x40000000  dwc_otg.lpm_enable=0 console=tty1 root=PARTUUID=422de1a7-02 rootfstype=ext4 elevator=deadline fsck.repair=yes rootwait quiet splash plymouth.ignore-serial-consoles
Sep 18 06:44:14 dr100 kernel: [    0.000000] PID hash table entries: 4096 (order: 2, 16384 bytes)
Sep 18 06:44:14 dr100 kernel: [    0.000000] Dentry cache hash table entries: 131072 (order: 7, 524288 bytes)
Sep 18 06:44:14 dr100 kernel: [    0.000000] Inode-cache hash table entries: 65536 (order: 6, 262144 bytes)
Sep 18 06:44:14 dr100 kernel: [    0.000000] Memory: 940236K/970752K available (7168K kernel code, 575K rwdata, 2072K rodata, 1024K init, 706K bss, 22324K reserved, 8192K cma-reserved)
Sep 18 06:44:14 dr100 kernel: [    0.000000] Virtual kernel memory layout:
Sep 18 06:44:14 dr100 kernel: [    0.000000]     vector  : 0xffff0000 - 0xffff1000   (   4 kB)
Sep 18 06:44:14 dr100 kernel: [    0.000000]     fixmap  : 0xffc00000 - 0xfff00000   (3072 kB)
Sep 18 06:44:14 dr100 kernel: [    0.000000]     vmalloc : 0xbb800000 - 0xff800000   (1088 MB)
Sep 18 06:44:14 dr100 kernel: [    0.000000]     lowmem  : 0x80000000 - 0xbb400000   ( 948 MB)
Sep 18 06:44:14 dr100 kernel: [    0.000000]     modules : 0x7f000000 - 0x80000000   (  16 MB)
Sep 18 06:44:14 dr100 kernel: [    0.000000]       .text : 0x80008000 - 0x80800000   (8160 kB)
Sep 18 06:44:14 dr100 kernel: [    0.000000]       .init : 0x80b00000 - 0x80c00000   (1024 kB)
Sep 18 06:44:14 dr100 kernel: [    0.000000]       .data : 0x80c00000 - 0x80c8fef4   ( 576 kB)
Sep 18 06:44:14 dr100 kernel: [    0.000000]        .bss : 0x80c96f40 - 0x80d478b4   ( 707 kB)
Sep 18 06:44:14 dr100 kernel: [    0.000000] SLUB: HWalign=64, Order=0-3, MinObjects=0, CPUs=4, Nodes=1
Sep 18 06:44:14 dr100 kernel: [    0.000000] ftrace: allocating 25253 entries in 75 pages
Sep 18 06:44:14 dr100 kernel: [    0.000000] Hierarchical RCU implementation.
Sep 18 06:44:14 dr100 kernel: [    0.000000] NR_IRQS: 16, nr_irqs: 16, preallocated irqs: 16
Sep 18 06:44:14 dr100 kernel: [    0.000000] arch_timer: cp15 timer(s) running at 19.20MHz (phys).
Sep 18 06:44:14 dr100 kernel: [    0.000000] clocksource: arch_sys_counter: mask: 0xffffffffffffff max_cycles: 0x46d987e47, max_idle_ns: 440795202767 ns
Sep 18 06:44:14 dr100 kernel: [    0.000007] sched_clock: 56 bits at 19MHz, resolution 52ns, wraps every 4398046511078ns
Sep 18 06:44:14 dr100 kernel: [    0.000019] Switching to timer-based delay loop, resolution 52ns
Sep 18 06:44:14 dr100 kernel: [    0.000263] Console: colour dummy device 80x30
Sep 18 06:44:14 dr100 kernel: [    0.000280] console [tty1] enabled
Sep 18 06:44:14 dr100 kernel: [    0.000309] Calibrating delay loop (skipped), value calculated using timer frequency.. 38.40 BogoMIPS (lpj=192000)
Sep 18 06:44:14 dr100 kernel: [    0.000324] pid_max: default: 32768 minimum: 301
Sep 18 06:44:14 dr100 kernel: [    0.000642] Mount-cache hash table entries: 2048 (order: 1, 8192 bytes)
Sep 18 06:44:14 dr100 kernel: [    0.000657] Mountpoint-cache hash table entries: 2048 (order: 1, 8192 bytes)
Sep 18 06:44:14 dr100 kernel: [    0.001590] Disabling memory control group subsystem
Sep 18 06:44:14 dr100 kernel: [    0.001674] CPU: Testing write buffer coherency: ok
Sep 18 06:44:14 dr100 kernel: [    0.002067] CPU0: thread -1, cpu 0, socket 0, mpidr 80000000
Sep 18 06:44:14 dr100 kernel: [    0.002443] Setting up static identity map for 0x100000 - 0x10003c
Sep 18 06:44:14 dr100 kernel: [    0.002559] Hierarchical SRCU implementation.
Sep 18 06:44:14 dr100 kernel: [    0.003195] smp: Bringing up secondary CPUs ...
Sep 18 06:44:14 dr100 kernel: [    0.003873] CPU1: thread -1, cpu 1, socket 0, mpidr 80000001
Sep 18 06:44:14 dr100 kernel: [    0.004615] CPU2: thread -1, cpu 2, socket 0, mpidr 80000002
Sep 18 06:44:14 dr100 kernel: [    0.005343] CPU3: thread -1, cpu 3, socket 0, mpidr 80000003
Sep 18 06:44:14 dr100 kernel: [    0.005447] smp: Brought up 1 node, 4 CPUs
Sep 18 06:44:14 dr100 kernel: [    0.005458] SMP: Total of 4 processors activated (153.60 BogoMIPS).
Sep 18 06:44:14 dr100 kernel: [    0.005463] CPU: All CPU(s) started in HYP mode.
Sep 18 06:44:14 dr100 kernel: [    0.005467] CPU: Virtualization extensions available.
Sep 18 06:44:14 dr100 kernel: [    0.006320] devtmpfs: initialized
Sep 18 06:44:14 dr100 kernel: [    0.016219] random: get_random_u32 called from bucket_table_alloc+0xfc/0x24c with crng_init=0
Sep 18 06:44:14 dr100 kernel: [    0.016947] VFP support v0.3: implementor 41 architecture 3 part 40 variant 3 rev 4
Sep 18 06:44:14 dr100 kernel: [    0.017167] clocksource: jiffies: mask: 0xffffffff max_cycles: 0xffffffff, max_idle_ns: 19112604462750000 ns
Sep 18 06:44:14 dr100 kernel: [    0.017184] futex hash table entries: 1024 (order: 4, 65536 bytes)
Sep 18 06:44:14 dr100 kernel: [    0.017744] pinctrl core: initialized pinctrl subsystem
Sep 18 06:44:14 dr100 kernel: [    0.018482] NET: Registered protocol family 16
Sep 18 06:44:14 dr100 kernel: [    0.021173] DMA: preallocated 1024 KiB pool for atomic coherent allocations
Sep 18 06:44:14 dr100 kernel: [    0.026008] hw-breakpoint: found 5 (+1 reserved) breakpoint and 4 watchpoint registers.
Sep 18 06:44:14 dr100 kernel: [    0.026015] hw-breakpoint: maximum watchpoint size is 8 bytes.
Sep 18 06:44:14 dr100 kernel: [    0.026211] Serial: AMBA PL011 UART driver
Sep 18 06:44:14 dr100 kernel: [    0.027824] bcm2835-mbox 3f00b880.mailbox: mailbox enabled
Sep 18 06:44:14 dr100 kernel: [    0.028278] uart-pl011 3f201000.serial: could not find pctldev for node /soc/gpio@7e200000/uart0_pins, deferring probe
Sep 18 06:44:14 dr100 kernel: [    0.059365] bcm2835-dma 3f007000.dma: DMA legacy API manager at bb813000, dmachans=0x1
Sep 18 06:44:14 dr100 kernel: [    0.060873] SCSI subsystem initialized
Sep 18 06:44:14 dr100 kernel: [    0.061096] usbcore: registered new interface driver usbfs
Sep 18 06:44:14 dr100 kernel: [    0.061147] usbcore: registered new interface driver hub
Sep 18 06:44:14 dr100 kernel: [    0.061232] usbcore: registered new device driver usb
Sep 18 06:44:14 dr100 kernel: [    0.070090] raspberrypi-firmware soc:firmware: Attached to firmware from 2018-06-07 15:31
Sep 18 06:44:14 dr100 kernel: [    0.071478] clocksource: Switched to clocksource arch_sys_counter
Sep 18 06:44:14 dr100 kernel: [    0.148531] VFS: Disk quotas dquot_6.6.0
Sep 18 06:44:14 dr100 kernel: [    0.148616] VFS: Dquot-cache hash table entries: 1024 (order 0, 4096 bytes)
Sep 18 06:44:14 dr100 kernel: [    0.148800] FS-Cache: Loaded
Sep 18 06:44:14 dr100 kernel: [    0.148999] CacheFiles: Loaded
Sep 18 06:44:14 dr100 kernel: [    0.157751] NET: Registered protocol family 2
Sep 18 06:44:14 dr100 kernel: [    0.158469] TCP established hash table entries: 8192 (order: 3, 32768 bytes)
Sep 18 06:44:14 dr100 kernel: [    0.158579] TCP bind hash table entries: 8192 (order: 4, 65536 bytes)
Sep 18 06:44:14 dr100 kernel: [    0.158764] TCP: Hash tables configured (established 8192 bind 8192)
Sep 18 06:44:14 dr100 kernel: [    0.158893] UDP hash table entries: 512 (order: 2, 16384 bytes)
Sep 18 06:44:14 dr100 kernel: [    0.158937] UDP-Lite hash table entries: 512 (order: 2, 16384 bytes)
Sep 18 06:44:14 dr100 kernel: [    0.159164] NET: Registered protocol family 1
Sep 18 06:44:14 dr100 kernel: [    0.159602] RPC: Registered named UNIX socket transport module.
Sep 18 06:44:14 dr100 kernel: [    0.159608] RPC: Registered udp transport module.
Sep 18 06:44:14 dr100 kernel: [    0.159612] RPC: Registered tcp transport module.
Sep 18 06:44:14 dr100 kernel: [    0.159617] RPC: Registered tcp NFSv4.1 backchannel transport module.
Sep 18 06:44:14 dr100 kernel: [    0.161102] hw perfevents: enabled with armv7_cortex_a7 PMU driver, 7 counters available
Sep 18 06:44:14 dr100 kernel: [    0.163902] workingset: timestamp_bits=14 max_order=18 bucket_order=4
Sep 18 06:44:14 dr100 kernel: [    0.171878] FS-Cache: Netfs 'nfs' registered for caching
Sep 18 06:44:14 dr100 kernel: [    0.172465] NFS: Registering the id_resolver key type
Sep 18 06:44:14 dr100 kernel: [    0.172500] Key type id_resolver registered
Sep 18 06:44:14 dr100 kernel: [    0.172505] Key type id_legacy registered
Sep 18 06:44:14 dr100 kernel: [    0.172520] nfs4filelayout_init: NFSv4 File Layout Driver Registering...
Sep 18 06:44:14 dr100 kernel: [    0.174386] Block layer SCSI generic (bsg) driver version 0.4 loaded (major 251)
Sep 18 06:44:14 dr100 kernel: [    0.174507] io scheduler noop registered
Sep 18 06:44:14 dr100 kernel: [    0.174514] io scheduler deadline registered (default)
Sep 18 06:44:14 dr100 kernel: [    0.174786] io scheduler cfq registered
Sep 18 06:44:14 dr100 kernel: [    0.174793] io scheduler mq-deadline registered
Sep 18 06:44:14 dr100 kernel: [    0.174799] io scheduler kyber registered
Sep 18 06:44:14 dr100 kernel: [    0.177030] BCM2708FB: allocated DMA memory fad00000
Sep 18 06:44:14 dr100 kernel: [    0.177056] BCM2708FB: allocated DMA channel 0 @ bb813000
Sep 18 06:44:14 dr100 kernel: [    0.185579] Console: switching to colour frame buffer device 82x26
Sep 18 06:44:14 dr100 kernel: [    0.190698] Serial: 8250/16550 driver, 1 ports, IRQ sharing enabled
Sep 18 06:44:14 dr100 kernel: [    0.191932] bcm2835-rng 3f104000.rng: hwrng registered
Sep 18 06:44:14 dr100 systemd-modules-load[83]: Inserted module 'i2c_dev'
Sep 18 06:44:14 dr100 fake-hwclock[85]: Tue 18 Sep 06:17:01 UTC 2018
Sep 18 06:44:14 dr100 systemd-fsck[87]: e2fsck 1.43.4 (31-Jan-2017)
Sep 18 06:44:14 dr100 systemd[1]: Started Create Static Device Nodes in /dev.
Sep 18 06:44:14 dr100 systemd[1]: Starting udev Kernel Device Manager...
Sep 18 06:44:14 dr100 kernel: [    0.192053] vc-mem: phys_addr:0x00000000 mem_base=0x3ec00000 mem_size:0x40000000(1024 MiB)
Sep 18 06:44:14 dr100 kernel: [    0.192514] vc-sm: Videocore shared memory driver
Sep 18 06:44:14 dr100 systemd-fsck[87]: rootfs: clean, 190221/1926848 files, 1510663/7779456 blocks
Sep 18 06:44:14 dr100 kernel: [    0.192782] gpiomem-bcm2835 3f200000.gpiomem: Initialised: Registers at 0x3f200000
Sep 18 06:44:14 dr100 kernel: [    0.202290] brd: module loaded
Sep 18 06:44:14 dr100 kernel: [    0.210806] loop: module loaded
Sep 18 06:44:14 dr100 kernel: [    0.210819] Loading iSCSI transport class v2.0-870.
Sep 18 06:44:14 dr100 systemd[1]: Started File System Check on Root Device.
Sep 18 06:44:14 dr100 kernel: [    0.211445] libphy: Fixed MDIO Bus: probed
Sep 18 06:44:14 dr100 kernel: [    0.211651] usbcore: registered new interface driver lan78xx
Sep 18 06:44:14 dr100 kernel: [    0.211704] usbcore: registered new interface driver smsc95xx
Sep 18 06:44:14 dr100 kernel: [    0.211719] dwc_otg: version 3.00a 10-AUG-2012 (platform bus)
Sep 18 06:44:14 dr100 kernel: [    0.439797] Core Release: 2.80a
Sep 18 06:44:14 dr100 systemd[1]: Starting Remount Root and Kernel File Systems...
Sep 18 06:44:14 dr100 kernel: [    0.439806] Setting default values for core params
Sep 18 06:44:14 dr100 kernel: [    0.439835] Finished setting default values for core params
Sep 18 06:44:14 dr100 kernel: [    0.640070] Using Buffer DMA mode
Sep 18 06:44:14 dr100 kernel: [    0.640076] Periodic Transfer Interrupt Enhancement - disabled
Sep 18 06:44:14 dr100 systemd[1]: Started Remount Root and Kernel File Systems.
Sep 18 06:44:14 dr100 kernel: [    0.640081] Multiprocessor Interrupt Enhancement - disabled
Sep 18 06:44:14 dr100 kernel: [    0.640087] OTG VER PARAM: 0, OTG VER FLAG: 0
Sep 18 06:44:14 dr100 kernel: [    0.640101] Dedicated Tx FIFOs mode
Sep 18 06:44:14 dr100 systemd[1]: Starting Load/Save Random Seed...
Sep 18 06:44:14 dr100 kernel: [    0.640492] WARN::dwc_otg_hcd_init:1046: FIQ DMA bounce buffers: virt = 0xbad14000 dma = 0xfad14000 len=9024
Sep 18 06:44:14 dr100 kernel: [    0.640516] FIQ FSM acceleration enabled for :
Sep 18 06:44:14 dr100 kernel: [    0.640516] Non-periodic Split Transactions
Sep 18 06:44:14 dr100 kernel: [    0.640516] Periodic Split Transactions
Sep 18 06:44:14 dr100 systemd[1]: Starting udev Coldplug all Devices...
Sep 18 06:44:14 dr100 kernel: [    0.640516] High-Speed Isochronous Endpoints
Sep 18 06:44:14 dr100 kernel: [    0.640516] Interrupt/Control Split Transaction hack enabled
Sep 18 06:44:14 dr100 kernel: [    0.640523] dwc_otg: Microframe scheduler enabled
Sep 18 06:44:14 dr100 systemd[1]: Starting Flush Journal to Persistent Storage...
Sep 18 06:44:14 dr100 kernel: [    0.640577] WARN::hcd_init_fiq:459: FIQ on core 1 at 0x805e7d20
Sep 18 06:44:14 dr100 kernel: [    0.640588] WARN::hcd_init_fiq:460: FIQ ASM at 0x805e8088 length 36
Sep 18 06:44:14 dr100 kernel: [    0.640600] WARN::hcd_init_fiq:486: MPHI regs_base at 0xbb87e000
Sep 18 06:44:14 dr100 kernel: [    0.640657] dwc_otg 3f980000.usb: DWC OTG Controller
Sep 18 06:44:14 dr100 systemd[1]: Started Load/Save Random Seed.
Sep 18 06:44:14 dr100 kernel: [    0.640688] dwc_otg 3f980000.usb: new USB bus registered, assigned bus number 1
Sep 18 06:44:14 dr100 kernel: [    0.640718] dwc_otg 3f980000.usb: irq 62, io mem 0x00000000
Sep 18 06:44:14 dr100 systemd[1]: Started Flush Journal to Persistent Storage.
Sep 18 06:44:14 dr100 kernel: [    0.640764] Init: Port Power? op_state=1
Sep 18 06:44:14 dr100 kernel: [    0.640769] Init: Power Port (0)
Sep 18 06:44:14 dr100 kernel: [    0.640969] usb usb1: New USB device found, idVendor=1d6b, idProduct=0002
Sep 18 06:44:14 dr100 kernel: [    0.640980] usb usb1: New USB device strings: Mfr=3, Product=2, SerialNumber=1
Sep 18 06:44:14 dr100 kernel: [    0.640988] usb usb1: Product: DWC OTG Controller
Sep 18 06:44:14 dr100 systemd[1]: Started udev Kernel Device Manager.
Sep 18 06:44:14 dr100 kernel: [    0.640996] usb usb1: Manufacturer: Linux 4.14.50-v7+ dwc_otg_hcd
Sep 18 06:44:14 dr100 kernel: [    0.641004] usb usb1: SerialNumber: 3f980000.usb
Sep 18 06:44:14 dr100 kernel: [    0.641653] hub 1-0:1.0: USB hub found
Sep 18 06:44:14 dr100 kernel: [    0.641703] hub 1-0:1.0: 1 port detected
Sep 18 06:44:14 dr100 mtp-probe: checking bus 1, device 4: "/sys/devices/platform/soc/3f980000.usb/usb1/1-1/1-1.1/1-1.1.1"
Sep 18 06:44:14 dr100 kernel: [    0.642197] dwc_otg: FIQ enabled
Sep 18 06:44:14 dr100 kernel: [    0.642202] dwc_otg: NAK holdoff enabled
Sep 18 06:44:14 dr100 kernel: [    0.642207] dwc_otg: FIQ split-transaction FSM enabled
Sep 18 06:44:14 dr100 kernel: [    0.642216] Module dwc_common_port init
Sep 18 06:44:14 dr100 systemd[1]: Started Set the console keyboard layout.
Sep 18 06:44:14 dr100 kernel: [    0.642426] usbcore: registered new interface driver usb-storage
Sep 18 06:44:14 dr100 kernel: [    0.642594] mousedev: PS/2 mouse device common for all mice
Sep 18 06:44:14 dr100 kernel: [    0.642662] IR NEC protocol handler initialized
Sep 18 06:44:14 dr100 kernel: [    0.642668] IR RC5(x/sz) protocol handler initialized
Sep 18 06:44:14 dr100 systemd[1]: Reached target Local File Systems (Pre).
Sep 18 06:44:14 dr100 kernel: [    0.642673] IR RC6 protocol handler initialized
Sep 18 06:44:14 dr100 kernel: [    0.642679] IR JVC protocol handler initialized
Sep 18 06:44:14 dr100 kernel: [    0.642684] IR Sony protocol handler initialized
Sep 18 06:44:14 dr100 mtp-probe: bus: 1, device: 4 was not an MTP device
Sep 18 06:44:14 dr100 kernel: [    0.642689] IR SANYO protocol handler initialized
Sep 18 06:44:14 dr100 kernel: [    0.642694] IR Sharp protocol handler initialized
Sep 18 06:44:14 dr100 kernel: [    0.642699] IR MCE Keyboard/mouse protocol handler initialized
Sep 18 06:44:14 dr100 kernel: [    0.642704] IR XMP protocol handler initialized
Sep 18 06:44:14 dr100 systemd[1]: Started udev Coldplug all Devices.
Sep 18 06:44:14 dr100 kernel: [    0.643334] bcm2835-wdt 3f100000.watchdog: Broadcom BCM2835 watchdog timer
Sep 18 06:44:14 dr100 kernel: [    0.644224] bcm2835-cpufreq: min=600000 max=1400000
Sep 18 06:44:14 dr100 kernel: [    0.644555] sdhci: Secure Digital Host Controller Interface driver
Sep 18 06:44:14 dr100 kernel: [    0.644559] sdhci: Copyright(c) Pierre Ossman
Sep 18 06:44:14 dr100 systemd[1]: Starting Show Plymouth Boot Screen...
Sep 18 06:44:14 dr100 kernel: [    0.644915] sdhost-bcm2835 3f202000.mmc: could not get clk, deferring probe
Sep 18 06:44:14 dr100 kernel: [    0.645012] sdhci-pltfm: SDHCI platform and OF driver helper
Sep 18 06:44:14 dr100 kernel: [    0.646396] ledtrig-cpu: registered to indicate activity on CPUs
Sep 18 06:44:14 dr100 kernel: [    0.646537] hidraw: raw HID events driver (C) Jiri Kosina
Sep 18 06:44:14 dr100 systemd[1]: Started Show Plymouth Boot Screen.
Sep 18 06:44:14 dr100 kernel: [    0.646697] usbcore: registered new interface driver usbhid
Sep 18 06:44:14 dr100 kernel: [    0.646702] usbhid: USB HID core driver
Sep 18 06:44:14 dr100 kernel: [    0.647301] vchiq: vchiq_init_state: slot_zero = bad80000, is_master = 0
Sep 18 06:44:14 dr100 kernel: [    0.648663] [vc_sm_connected_init]: start
Sep 18 06:44:14 dr100 systemd[1]: Started Forward Password Requests to Plymouth Directory Watch.
Sep 18 06:44:14 dr100 kernel: [    0.657269] [vc_sm_connected_init]: end - returning 0
Sep 18 06:44:14 dr100 kernel: [    0.657825] Initializing XFRM netlink socket
Sep 18 06:44:14 dr100 kernel: [    0.657847] NET: Registered protocol family 17
Sep 18 06:44:14 dr100 kernel: [    0.657940] Key type dns_resolver registered
Sep 18 06:44:14 dr100 kernel: [    0.658441] Registering SWP/SWPB emulation handler
Sep 18 06:44:14 dr100 systemd[1]: Reached target Encrypted Volumes.
Sep 18 06:44:14 dr100 kernel: [    0.659012] registered taskstats version 1
Sep 18 06:44:14 dr100 kernel: [    0.664790] uart-pl011 3f201000.serial: cts_event_workaround enabled
Sep 18 06:44:14 dr100 kernel: [    0.664862] 3f201000.serial: ttyAMA0 at MMIO 0x3f201000 (irq = 87, base_baud = 0) is a PL011 rev2
Sep 18 06:44:14 dr100 systemd[1]: Reached target Paths.
Sep 18 06:44:14 dr100 kernel: [    0.666703] sdhost: log_buf @ bad13000 (fad13000)
Sep 18 06:44:14 dr100 kernel: [    0.741505] mmc0: sdhost-bcm2835 loaded - DMA enabled (>1)
Sep 18 06:44:14 dr100 kernel: [    0.742463] of_cfs_init
Sep 18 06:44:14 dr100 kernel: [    0.742562] of_cfs_init: OK
Sep 18 06:44:14 dr100 systemd[1]: Found device /dev/disk/by-partuuid/422de1a7-01.
Sep 18 06:44:14 dr100 kernel: [    0.743089] Waiting for root device PARTUUID=422de1a7-02...
Sep 18 06:44:14 dr100 kernel: [    0.871568] Indeed it is in host mode hprt0 = 00021501
Sep 18 06:44:14 dr100 kernel: [    0.931620] mmc0: host does not support reading read-only switch, assuming write-enable
Sep 18 06:44:14 dr100 systemd[1]: Starting File System Check on /dev/disk/by-partuuid/422de1a7-01...
Sep 18 06:44:14 dr100 kernel: [    0.937558] mmc0: new high speed SDHC card at address aaaa
Sep 18 06:44:14 dr100 kernel: [    0.938040] mmcblk0: mmc0:aaaa SB32G 29.7 GiB
Sep 18 06:44:14 dr100 kernel: [    0.940376]  mmcblk0: p1 p2
Sep 18 06:44:14 dr100 kernel: [    0.959608] random: fast init done
Sep 18 06:44:14 dr100 systemd[1]: Reached target Sound Card.
Sep 18 06:44:14 dr100 kernel: [    0.965497] EXT4-fs (mmcblk0p2): INFO: recovery required on readonly filesystem
Sep 18 06:44:14 dr100 kernel: [    0.965504] EXT4-fs (mmcblk0p2): write access will be enabled during recovery
Sep 18 06:44:14 dr100 kernel: [    1.081515] usb 1-1: new high-speed USB device number 2 using dwc_otg
Sep 18 06:44:14 dr100 mtp-probe: checking bus 1, device 4: "/sys/devices/platform/soc/3f980000.usb/usb1/1-1/1-1.1/1-1.1.1"
Sep 18 06:44:14 dr100 kernel: [    1.081653] Indeed it is in host mode hprt0 = 00001101
Sep 18 06:44:14 dr100 kernel: [    1.321770] usb 1-1: New USB device found, idVendor=0424, idProduct=2514
Sep 18 06:44:14 dr100 mtp-probe: bus: 1, device: 4 was not an MTP device
Sep 18 06:44:14 dr100 systemd-fsck[228]: fsck.fat 4.1 (2017-01-24)
Sep 18 06:44:14 dr100 systemd-fsck[228]: 0x41: Dirty bit is set. Fs was not properly unmounted and some data may be corrupt.
Sep 18 06:44:14 dr100 kernel: [    1.321782] usb 1-1: New USB device strings: Mfr=0, Product=0, SerialNumber=0
Sep 18 06:44:14 dr100 kernel: [    1.322389] hub 1-1:1.0: USB hub found
Sep 18 06:44:14 dr100 kernel: [    1.322491] hub 1-1:1.0: 4 ports detected
Sep 18 06:44:14 dr100 systemd-fsck[228]:  Automatically removing dirty bit.
Sep 18 06:44:14 dr100 kernel: [    1.544012] EXT4-fs (mmcblk0p2): orphan cleanup on readonly fs
Sep 18 06:44:14 dr100 kernel: [    1.544150] EXT4-fs (mmcblk0p2): 1 orphan inode deleted
Sep 18 06:44:14 dr100 kernel: [    1.544156] EXT4-fs (mmcblk0p2): recovery complete
Sep 18 06:44:14 dr100 systemd-fsck[228]: Performing changes.
Sep 18 06:44:14 dr100 kernel: [    1.555212] EXT4-fs (mmcblk0p2): mounted filesystem with ordered data mode. Opts: (null)
Sep 18 06:44:14 dr100 kernel: [    1.555265] VFS: Mounted root (ext4 filesystem) readonly on device 179:2.
Sep 18 06:44:14 dr100 kernel: [    1.562882] devtmpfs: mounted
Sep 18 06:44:14 dr100 kernel: [    1.565884] Freeing unused kernel memory: 1024K
Sep 18 06:44:14 dr100 systemd-fsck[228]: /dev/mmcblk0p1: 167 files, 44386/87078 clusters
Sep 18 06:44:14 dr100 kernel: [    1.641531] usb 1-1.1: new high-speed USB device number 3 using dwc_otg
Sep 18 06:44:14 dr100 kernel: [    1.771801] usb 1-1.1: New USB device found, idVendor=0424, idProduct=2514
Sep 18 06:44:14 dr100 kernel: [    1.771818] usb 1-1.1: New USB device strings: Mfr=0, Product=0, SerialNumber=0
Sep 18 06:44:14 dr100 kernel: [    1.772447] hub 1-1.1:1.0: USB hub found
Sep 18 06:44:14 dr100 systemd[1]: Started File System Check on /dev/disk/by-partuuid/422de1a7-01.
Sep 18 06:44:14 dr100 kernel: [    1.772540] hub 1-1.1:1.0: 3 ports detected
Sep 18 06:44:14 dr100 kernel: [    2.076869] NET: Registered protocol family 10
Sep 18 06:44:14 dr100 kernel: [    2.078003] Segment Routing with IPv6
Sep 18 06:44:14 dr100 systemd[1]: Mounting /boot...
Sep 18 06:44:14 dr100 kernel: [    2.089012] ip_tables: (C) 2000-2006 Netfilter Core Team
Sep 18 06:44:14 dr100 kernel: [    2.105938] random: systemd: uninitialized urandom read (16 bytes read)
Sep 18 06:44:14 dr100 kernel: [    2.125340] dwc_otg_handle_wakeup_detected_intr lxstate = 2
Sep 18 06:44:14 dr100 systemd[1]: Mounted /boot.
Sep 18 06:44:14 dr100 kernel: [    2.151884] random: systemd: uninitialized urandom read (16 bytes read)
Sep 18 06:44:14 dr100 kernel: [    2.167213] random: systemd-cryptse: uninitialized urandom read (16 bytes read)
Sep 18 06:44:14 dr100 kernel: [    2.581536] usb 1-1.1.1: new high-speed USB device number 4 using dwc_otg
Sep 18 06:44:14 dr100 systemd[1]: Reached target Local File Systems.
Sep 18 06:44:14 dr100 kernel: [    2.690388] i2c /dev entries driver
Sep 18 06:44:14 dr100 kernel: [    2.722352] usb 1-1.1.1: New USB device found, idVendor=0424, idProduct=7800
Sep 18 06:44:14 dr100 systemd[1]: Starting Tell Plymouth To Write Out Runtime Data...
Sep 18 06:44:14 dr100 kernel: [    2.722390] usb 1-1.1.1: New USB device strings: Mfr=0, Product=0, SerialNumber=0
Sep 18 06:44:14 dr100 kernel: [    3.003159] libphy: lan78xx-mdiobus: probed
Sep 18 06:44:14 dr100 kernel: [    3.090878] EXT4-fs (mmcblk0p2): re-mounted. Opts: (null)
Sep 18 06:44:14 dr100 kernel: [    3.838366] snd_bcm2835: module is from the staging directory, the quality is unknown, you have been warned.
Sep 18 06:44:14 dr100 kernel: [    3.858876] bcm2835_alsa bcm2835_alsa: card created with 8 channels
Sep 18 06:44:14 dr100 systemd[1]: Starting Preprocess NFS configuration...
Sep 18 06:44:14 dr100 systemd[1]: Starting Raise network interfaces...
Sep 18 06:44:14 dr100 systemd[1]: Starting Set console font and keymap...
Sep 18 06:44:14 dr100 systemd[1]: Starting Create Volatile Files and Directories...
Sep 18 06:44:14 dr100 systemd[1]: Started Preprocess NFS configuration.
Sep 18 06:44:14 dr100 systemd[1]: Started Set console font and keymap.
Sep 18 06:44:14 dr100 systemd[1]: Reached target NFS client services.
Sep 18 06:44:14 dr100 systemd[1]: Reached target Remote File Systems (Pre).
Sep 18 06:44:14 dr100 systemd[1]: Reached target Remote File Systems.
Sep 18 06:44:14 dr100 systemd[1]: Started Create Volatile Files and Directories.
Sep 18 06:44:14 dr100 systemd[1]: Starting Update UTMP about System Boot/Shutdown...
Sep 18 06:44:14 dr100 systemd[1]: Starting Network Time Synchronization...
Sep 18 06:44:14 dr100 systemd[1]: Started Update UTMP about System Boot/Shutdown.
Sep 18 06:44:14 dr100 systemd-timesyncd[273]: System clock time unset or jumped backwards, restoring from recorded timestamp: Tue 2018-09-18 06:44:13 UTC
Sep 18 06:44:14 dr100 systemd[1]: Time has been changed
Sep 18 06:44:14 dr100 systemd[1]: Started Network Time Synchronization.
Sep 18 06:44:14 dr100 systemd[1]: Reached target System Time Synchronized.
Sep 18 06:44:14 dr100 systemd[1]: Received SIGRTMIN+20 from PID 190 (plymouthd).
Sep 18 06:44:14 dr100 systemd[1]: Started Tell Plymouth To Write Out Runtime Data.
Sep 18 06:44:14 dr100 systemd[1]: Reached target System Initialization.
Sep 18 06:44:14 dr100 systemd[1]: Listening on GPS (Global Positioning System) Daemon Sockets.
Sep 18 06:44:14 dr100 systemd[1]: Listening on D-Bus System Message Bus Socket.
Sep 18 06:44:14 dr100 systemd[1]: Listening on Avahi mDNS/DNS-SD Stack Activation Socket.
Sep 18 06:44:14 dr100 systemd[1]: Listening on triggerhappy.socket.
Sep 18 06:44:14 dr100 systemd[1]: Reached target Sockets.
Sep 18 06:44:14 dr100 systemd[1]: Reached target Basic System.
Sep 18 06:44:14 dr100 systemd[1]: Starting System Logging Service...
Sep 18 06:44:14 dr100 ifup[262]: /bin/sh: 1: cannot create /sys/class/net/wwan0/qmi/raw_ip: Directory nonexistent
Sep 18 06:44:14 dr100 ifup[262]: ifup: failed to bring up wwan0
Sep 18 06:44:14 dr100 systemd[1]: Starting LSB: Autogenerate and use a swap file...
Sep 18 06:44:14 dr100 ifup[262]: /bin/sh: 1: cannot create /sys/class/net/wwan1/qmi/raw_ip: Directory nonexistent
Sep 18 06:44:14 dr100 systemd[1]: Starting Login Service...
Sep 18 06:44:14 dr100 ifup[262]: ifup: failed to bring up wwan1
Sep 18 06:44:14 dr100 systemd[1]: Starting Disable WiFi if country not set...
Sep 18 06:44:14 dr100 ifup[262]: /bin/sh: 1: cannot create /sys/class/net/wwan2/qmi/raw_ip: Directory nonexistent
Sep 18 06:44:14 dr100 systemd[1]: Starting dhcpcd on all interfaces...
Sep 18 06:44:14 dr100 ifup[262]: ifup: failed to bring up wwan2
Sep 18 06:44:14 dr100 systemd[1]: Starting Check for v3d driver...
Sep 18 06:44:14 dr100 systemd[1]: Started Daily Cleanup of Temporary Directories.
Sep 18 06:44:14 dr100 systemd[1]: Starting Save/Restore Sound Card State...
Sep 18 06:44:14 dr100 systemd[1]: apt-daily.timer: Adding 11h 35min 9.755470s random time.
Sep 18 06:44:14 dr100 systemd[1]: Started Daily apt download activities.
Sep 18 06:44:14 dr100 systemd[1]: Starting triggerhappy global hotkey daemon...
Sep 18 06:44:14 dr100 systemd[1]: Starting LSB: Switch to ondemand cpu governor (unless shift key is pressed)...
Sep 18 06:44:14 dr100 systemd[1]: Starting Avahi mDNS/DNS-SD Stack...
Sep 18 06:44:14 dr100 systemd[1]: Started Regular background program processing daemon.
Sep 18 06:44:14 dr100 systemd[1]: Started BluezALSA proxy.
Sep 18 06:44:14 dr100 systemd[1]: apt-daily-upgrade.timer: Adding 14min 40.405577s random time.
Sep 18 06:44:14 dr100 systemd[1]: Started Daily apt upgrade and clean activities.
Sep 18 06:44:14 dr100 systemd[1]: Reached target Timers.
Sep 18 06:44:14 dr100 systemd[1]: Started D-Bus System Message Bus.
Sep 18 06:44:14 dr100 cron[339]: (CRON) INFO (pidfile fd = 3)
Sep 18 06:44:14 dr100 dhcpcd[318]: dev: loaded udev
Sep 18 06:44:14 dr100 cron[339]: (CRON) INFO (Running @reboot jobs)
Sep 18 06:44:14 dr100 liblogging-stdlog:  [origin software="rsyslogd" swVersion="8.24.0" x-pid="307" x-info="http://www.rsyslog.com"] start
Sep 18 06:44:14 dr100 thd[329]: Found socket passed from systemd
Sep 18 06:44:14 dr100 wifi-country[317]: Wi-Fi is disabled because the country is not set
Sep 18 06:44:14 dr100 avahi-daemon[332]: Found user 'avahi' (UID 108) and group 'avahi' (GID 112).
Sep 18 06:44:14 dr100 avahi-daemon[332]: Successfully dropped root privileges.
Sep 18 06:44:14 dr100 avahi-daemon[332]: avahi-daemon 0.6.32 starting up.
Sep 18 06:44:14 dr100 dhcpcd[318]: forked to background, child pid 366
Sep 18 06:44:14 dr100 bluealsa[342]: /usr/bin/bluealsa: No HCI device available
Sep 18 06:44:14 dr100 kernel: [    5.771976] Bluetooth: Core ver 2.22
Sep 18 06:44:14 dr100 kernel: [    5.772047] NET: Registered protocol family 31
Sep 18 06:44:14 dr100 kernel: [    5.772053] Bluetooth: HCI device and connection manager initialized
Sep 18 06:44:14 dr100 kernel: [    5.772073] Bluetooth: HCI socket layer initialized
Sep 18 06:44:14 dr100 kernel: [    5.772085] Bluetooth: L2CAP socket layer initialized
Sep 18 06:44:14 dr100 kernel: [    5.772117] Bluetooth: SCO socket layer initialized
Sep 18 06:44:14 dr100 dhcpcd[366]: eth0: waiting for carrier
Sep 18 06:44:14 dr100 kernel: [    5.805670] IPv6: ADDRCONF(NETDEV_UP): eth0: link is not ready
Sep 18 06:44:14 dr100 avahi-daemon[332]: Successfully called chroot().
Sep 18 06:44:14 dr100 avahi-daemon[332]: Successfully dropped remaining capabilities.
Sep 18 06:44:14 dr100 avahi-daemon[332]: No service file found in /etc/avahi/services.
Sep 18 06:44:14 dr100 dbus[346]: [system] Successfully activated service 'org.freedesktop.systemd1'
Sep 18 06:44:14 dr100 avahi-daemon[332]: Network interface enumeration completed.
Sep 18 06:44:14 dr100 avahi-daemon[332]: Server startup complete. Host name is dr100.local. Local service cookie is 1485647569.
Sep 18 06:44:14 dr100 systemd[1]: Started Avahi mDNS/DNS-SD Stack.
Sep 18 06:44:14 dr100 systemd[1]: Started System Logging Service.
Sep 18 06:44:14 dr100 systemd[1]: Started triggerhappy global hotkey daemon.
Sep 18 06:44:14 dr100 systemd[1]: Started Disable WiFi if country not set.
Sep 18 06:44:14 dr100 systemd[1]: Started dhcpcd on all interfaces.
Sep 18 06:44:14 dr100 systemd[1]: Started Check for v3d driver.
Sep 18 06:44:14 dr100 systemd[1]: Started Save/Restore Sound Card State.
Sep 18 06:44:14 dr100 systemd[1]: bluealsa.service: Main process exited, code=exited, status=1/FAILURE
Sep 18 06:44:14 dr100 systemd[1]: bluealsa.service: Unit entered failed state.
Sep 18 06:44:14 dr100 systemd[1]: bluealsa.service: Failed with result 'exit-code'.
Sep 18 06:44:14 dr100 systemd[1]: Started Login Service.
Sep 18 06:44:14 dr100 raspi-config[330]: Checking if shift key is held down:Error opening '/dev/input/event*': No such file or directory
Sep 18 06:44:14 dr100 systemd[1]: Listening on Load/Save RF Kill Switch Status /dev/rfkill Watch.
Sep 18 06:44:14 dr100 raspi-config[330]:  No. Switching to ondemand scaling governor.
Sep 18 06:44:14 dr100 dphys-swapfile[311]: Starting dphys-swapfile swapfile setup ...
Sep 18 06:44:14 dr100 systemd[1]: Started LSB: Switch to ondemand cpu governor (unless shift key is pressed).
Sep 18 06:44:14 dr100 systemd[1]: networking.service: Main process exited, code=exited, status=1/FAILURE
Sep 18 06:44:14 dr100 systemd[1]: Failed to start Raise network interfaces.
Sep 18 06:44:14 dr100 systemd[1]: networking.service: Unit entered failed state.
Sep 18 06:44:14 dr100 systemd[1]: networking.service: Failed with result 'exit-code'.
Sep 18 06:44:14 dr100 systemd[1]: Reached target Network.
Sep 18 06:44:14 dr100 systemd[1]: Starting Permit User Sessions...
Sep 18 06:44:14 dr100 systemd[1]: Starting /etc/rc.local Compatibility...
Sep 18 06:44:14 dr100 systemd[1]: Starting OpenBSD Secure Shell server...
Sep 18 06:44:14 dr100 systemd[1]: Starting LSB: Start/stop fluentd...
Sep 18 06:44:14 dr100 systemd[1]: Started Permit User Sessions.
Sep 18 06:44:14 dr100 systemd[1]: Starting Light Display Manager...
Sep 18 06:44:14 dr100 systemd[1]: Started /etc/rc.local Compatibility.
Sep 18 06:44:14 dr100 systemd[1]: Starting Terminate Plymouth Boot Screen...
Sep 18 06:44:14 dr100 systemd[1]: Starting Hold until boot process finishes up...
Sep 18 06:44:14 dr100 systemd[1]: Received SIGRTMIN+21 from PID 190 (plymouthd).
Sep 18 06:44:14 dr100 systemd[1]: Started Hold until boot process finishes up.
Sep 18 06:44:14 dr100 systemd[1]: Started Terminate Plymouth Boot Screen.
Sep 18 06:44:14 dr100 dphys-swapfile[311]: want /var/swap=100MByte, checking existing: keeping it
Sep 18 06:44:14 dr100 systemd[1]: Started Getty on tty1.
Sep 18 06:44:14 dr100 systemd[1]: Reached target Login Prompts.
Sep 18 06:44:14 dr100 dphys-swapfile[311]: done.
Sep 18 06:44:14 dr100 kernel: [    6.184564] Adding 102396k swap on /var/swap.  Priority:-2 extents:1 across:102396k SSFS
Sep 18 06:44:14 dr100 systemd[1]: Started LSB: Autogenerate and use a swap file.
Sep 18 06:44:15 dr100 systemd[1]: Started OpenBSD Secure Shell server.
Sep 18 06:44:15 dr100 lightdm[413]: Error getting user list from org.freedesktop.Accounts: GDBus.Error:org.freedesktop.DBus.Error.ServiceUnknown: The name org.freedesktop.Accounts was not provided by any .service files
Sep 18 06:44:15 dr100 systemd[1]: Started Light Display Manager.
Sep 18 06:44:15 dr100 kernel: [    6.607532] random: crng init done
Sep 18 06:44:15 dr100 kernel: [    6.607539] random: 7 urandom warning(s) missed due to ratelimiting
Sep 18 06:44:17 dr100 lightdm[451]: Error getting user list from org.freedesktop.Accounts: GDBus.Error:org.freedesktop.DBus.Error.ServiceUnknown: The name org.freedesktop.Accounts was not provided by any .service files
Sep 18 06:44:17 dr100 systemd[1]: Created slice User Slice of pi.
Sep 18 06:44:17 dr100 systemd[1]: Starting User Manager for UID 1000...
Sep 18 06:44:17 dr100 systemd[1]: Started Session c1 of user pi.
Sep 18 06:44:17 dr100 systemd[459]: Listening on GnuPG cryptographic agent (access for web browsers).
Sep 18 06:44:17 dr100 systemd[459]: Reached target Paths.
Sep 18 06:44:17 dr100 systemd[459]: Starting D-Bus User Message Bus Socket.
Sep 18 06:44:17 dr100 systemd[459]: Reached target Timers.
Sep 18 06:44:17 dr100 systemd[459]: Listening on GnuPG cryptographic agent (ssh-agent emulation).
Sep 18 06:44:17 dr100 systemd[459]: Listening on GnuPG cryptographic agent and passphrase cache (restricted).
Sep 18 06:44:17 dr100 systemd[459]: Listening on GnuPG cryptographic agent and passphrase cache.
Sep 18 06:44:17 dr100 systemd[459]: Listening on D-Bus User Message Bus Socket.
Sep 18 06:44:17 dr100 systemd[459]: Reached target Sockets.
Sep 18 06:44:17 dr100 systemd[459]: Reached target Basic System.
Sep 18 06:44:17 dr100 systemd[459]: Reached target Default.
Sep 18 06:44:17 dr100 systemd[459]: Startup finished in 72ms.
Sep 18 06:44:17 dr100 systemd[1]: Started User Manager for UID 1000.
Sep 18 06:44:17 dr100 lightdm[413]: Error opening audit socket: Protocol not supported
Sep 18 06:44:17 dr100 systemd[459]: Started D-Bus User Message Bus.
Sep 18 06:44:18 dr100 dbus-daemon[476]: Activating via systemd: service name='org.gtk.vfs.Daemon' unit='gvfs-daemon.service'
Sep 18 06:44:18 dr100 systemd[459]: Starting Virtual filesystem service...
Sep 18 06:44:18 dr100 dbus-daemon[476]: Successfully activated service 'org.gtk.vfs.Daemon'
Sep 18 06:44:18 dr100 systemd[459]: Started Virtual filesystem service.
Sep 18 06:44:19 dr100 kernel: [   10.201626] fuse init (API version 7.26)
Sep 18 06:44:19 dr100 systemd[1]: Mounting FUSE Control File System...
Sep 18 06:44:19 dr100 systemd[1]: Mounted FUSE Control File System.
Sep 18 06:44:19 dr100 dbus[346]: [system] Activating via systemd: service name='org.freedesktop.PolicyKit1' unit='polkit.service'
Sep 18 06:44:19 dr100 systemd[1]: Starting Authorization Manager...
Sep 18 06:44:19 dr100 polkitd[568]: started daemon version 0.105 using authority implementation `local' version `0.105'
Sep 18 06:44:19 dr100 dbus[346]: [system] Successfully activated service 'org.freedesktop.PolicyKit1'
Sep 18 06:44:19 dr100 systemd[1]: Started Authorization Manager.
Sep 18 06:44:19 dr100 dbus-daemon[476]: Activating via systemd: service name='org.gtk.vfs.UDisks2VolumeMonitor' unit='gvfs-udisks2-volume-monitor.service'
Sep 18 06:44:19 dr100 systemd[459]: Starting Virtual filesystem service - disk device monitor...
Sep 18 06:44:20 dr100 systemd[1]: Started Session c2 of user pi.
Sep 18 06:44:20 dr100 dbus[346]: [system] Activating via systemd: service name='org.freedesktop.UDisks2' unit='udisks2.service'
Sep 18 06:44:20 dr100 systemd[1]: Starting Disk Manager...
Sep 18 06:44:20 dr100 udisksd[599]: udisks daemon version 2.1.8 starting
Sep 18 06:44:20 dr100 dbus[346]: [system] Successfully activated service 'org.freedesktop.UDisks2'
Sep 18 06:44:20 dr100 udisksd[599]: Acquired the name org.freedesktop.UDisks2 on the system message bus
Sep 18 06:44:20 dr100 systemd[1]: Started Disk Manager.
Sep 18 06:44:20 dr100 dbus-daemon[476]: Successfully activated service 'org.gtk.vfs.UDisks2VolumeMonitor'
Sep 18 06:44:20 dr100 systemd[459]: Started Virtual filesystem service - disk device monitor.
Sep 18 06:44:20 dr100 dbus-daemon[476]: Activating via systemd: service name='org.gtk.vfs.AfcVolumeMonitor' unit='gvfs-afc-volume-monitor.service'
Sep 18 06:44:20 dr100 systemd[459]: Starting Virtual filesystem service - Apple File Conduit monitor...
Sep 18 06:44:20 dr100 gvfs-afc-volume-monitor[629]: Volume monitor alive
Sep 18 06:44:20 dr100 dbus-daemon[476]: Successfully activated service 'org.gtk.vfs.AfcVolumeMonitor'
Sep 18 06:44:20 dr100 systemd[459]: Started Virtual filesystem service - Apple File Conduit monitor.
Sep 18 06:44:20 dr100 dbus-daemon[476]: Activating via systemd: service name='org.gtk.vfs.GPhoto2VolumeMonitor' unit='gvfs-gphoto2-volume-monitor.service'
Sep 18 06:44:20 dr100 systemd[459]: Starting Virtual filesystem service - digital camera monitor...
Sep 18 06:44:20 dr100 dbus-daemon[476]: Successfully activated service 'org.gtk.vfs.GPhoto2VolumeMonitor'
Sep 18 06:44:20 dr100 systemd[459]: Started Virtual filesystem service - digital camera monitor.
Sep 18 06:44:20 dr100 dbus-daemon[476]: Activating via systemd: service name='org.gtk.vfs.GoaVolumeMonitor' unit='gvfs-goa-volume-monitor.service'
Sep 18 06:44:20 dr100 systemd[459]: Starting Virtual filesystem service - GNOME Online Accounts monitor...
Sep 18 06:44:20 dr100 dbus-daemon[476]: Successfully activated service 'org.gtk.vfs.GoaVolumeMonitor'
Sep 18 06:44:20 dr100 systemd[459]: Started Virtual filesystem service - GNOME Online Accounts monitor.
Sep 18 06:44:20 dr100 dbus-daemon[476]: Activating via systemd: service name='org.gtk.vfs.MTPVolumeMonitor' unit='gvfs-mtp-volume-monitor.service'
Sep 18 06:44:20 dr100 systemd[459]: Starting Virtual filesystem service - Media Transfer Protocol monitor...
Sep 18 06:44:20 dr100 dbus-daemon[476]: Successfully activated service 'org.gtk.vfs.MTPVolumeMonitor'
Sep 18 06:44:20 dr100 systemd[459]: Started Virtual filesystem service - Media Transfer Protocol monitor.
Sep 18 06:44:23 dr100 kernel: [   14.301497] usb 1-1.1.2: new high-speed USB device number 5 using dwc_otg
Sep 18 06:44:23 dr100 kernel: [   14.441559] usb 1-1.1.2: New USB device found, idVendor=2c7c, idProduct=0125
Sep 18 06:44:23 dr100 kernel: [   14.441566] usb 1-1.1.2: New USB device strings: Mfr=1, Product=2, SerialNumber=0
Sep 18 06:44:23 dr100 kernel: [   14.441570] usb 1-1.1.2: Product: Android
Sep 18 06:44:23 dr100 kernel: [   14.441574] usb 1-1.1.2: Manufacturer: Android
Sep 18 06:44:23 dr100 mtp-probe: checking bus 1, device 5: "/sys/devices/platform/soc/3f980000.usb/usb1/1-1/1-1.1/1-1.1.2"
Sep 18 06:44:23 dr100 mtp-probe: bus: 1, device: 5 was not an MTP device
Sep 18 06:44:23 dr100 kernel: [   14.482104] usbcore: registered new interface driver cdc_wdm
Sep 18 06:44:23 dr100 kernel: [   14.483955] usbcore: registered new interface driver usbserial
Sep 18 06:44:23 dr100 kernel: [   14.483987] usbcore: registered new interface driver usbserial_generic
Sep 18 06:44:23 dr100 kernel: [   14.484013] usbserial: USB Serial support registered for generic
Sep 18 06:44:23 dr100 kernel: [   14.489850] qmi_wwan 1-1.1.2:1.4: cdc-wdm0: USB WDM device
Sep 18 06:44:23 dr100 kernel: [   14.493434] qmi_wwan 1-1.1.2:1.4 wwan0: register 'qmi_wwan' at usb-3f980000.usb-1.1.2, WWAN/QMI device, 7a:bc:60:74:87:55
Sep 18 06:44:23 dr100 kernel: [   14.495109] usbcore: registered new interface driver qmi_wwan
Sep 18 06:44:23 dr100 kernel: [   14.500214] usbcore: registered new interface driver option
Sep 18 06:44:23 dr100 kernel: [   14.500254] usbserial: USB Serial support registered for GSM modem (1-port)
Sep 18 06:44:23 dr100 kernel: [   14.500529] option 1-1.1.2:1.0: GSM modem (1-port) converter detected
Sep 18 06:44:23 dr100 kernel: [   14.500726] usb 1-1.1.2: GSM modem (1-port) converter now attached to ttyUSB0
Sep 18 06:44:23 dr100 kernel: [   14.500887] option 1-1.1.2:1.1: GSM modem (1-port) converter detected
Sep 18 06:44:23 dr100 kernel: [   14.501034] usb 1-1.1.2: GSM modem (1-port) converter now attached to ttyUSB1
Sep 18 06:44:23 dr100 kernel: [   14.501169] option 1-1.1.2:1.2: GSM modem (1-port) converter detected
Sep 18 06:44:23 dr100 kernel: [   14.501292] usb 1-1.1.2: GSM modem (1-port) converter now attached to ttyUSB2
Sep 18 06:44:23 dr100 kernel: [   14.501425] option 1-1.1.2:1.3: GSM modem (1-port) converter detected
Sep 18 06:44:23 dr100 kernel: [   14.501620] usb 1-1.1.2: GSM modem (1-port) converter now attached to ttyUSB3
Sep 18 06:44:23 dr100 systemd[1]: Found device Android.
Sep 18 06:44:23 dr100 systemd[1]: Started ifup for wwan0.
Sep 18 06:44:23 dr100 kernel: [   14.681566] usb 1-1.3: new high-speed USB device number 6 using dwc_otg
Sep 18 06:44:23 dr100 systemd[1]: Reloading OpenBSD Secure Shell server.
Sep 18 06:44:23 dr100 systemd[1]: Reloaded OpenBSD Secure Shell server.
Sep 18 06:44:23 dr100 sh[703]: wwan0=wwan0
Sep 18 06:44:23 dr100 kernel: [   14.821631] usb 1-1.3: New USB device found, idVendor=2c7c, idProduct=0125
Sep 18 06:44:23 dr100 kernel: [   14.821649] usb 1-1.3: New USB device strings: Mfr=1, Product=2, SerialNumber=0
Sep 18 06:44:23 dr100 kernel: [   14.821657] usb 1-1.3: Product: Android
Sep 18 06:44:23 dr100 kernel: [   14.821665] usb 1-1.3: Manufacturer: Android
Sep 18 06:44:23 dr100 kernel: [   14.823280] option 1-1.3:1.0: GSM modem (1-port) converter detected
Sep 18 06:44:23 dr100 kernel: [   14.823648] usb 1-1.3: GSM modem (1-port) converter now attached to ttyUSB4
Sep 18 06:44:23 dr100 kernel: [   14.824546] option 1-1.3:1.1: GSM modem (1-port) converter detected
Sep 18 06:44:23 dr100 kernel: [   14.825017] usb 1-1.3: GSM modem (1-port) converter now attached to ttyUSB5
Sep 18 06:44:23 dr100 kernel: [   14.825809] option 1-1.3:1.2: GSM modem (1-port) converter detected
Sep 18 06:44:23 dr100 kernel: [   14.826148] usb 1-1.3: GSM modem (1-port) converter now attached to ttyUSB6
Sep 18 06:44:23 dr100 kernel: [   14.826824] option 1-1.3:1.3: GSM modem (1-port) converter detected
Sep 18 06:44:23 dr100 kernel: [   14.827160] usb 1-1.3: GSM modem (1-port) converter now attached to ttyUSB7
Sep 18 06:44:23 dr100 kernel: [   14.828213] qmi_wwan 1-1.3:1.4: cdc-wdm1: USB WDM device
Sep 18 06:44:23 dr100 kernel: [   14.829764] qmi_wwan 1-1.3:1.4 wwan1: register 'qmi_wwan' at usb-3f980000.usb-1.3, WWAN/QMI device, 7a:bc:60:74:87:55
Sep 18 06:44:23 dr100 mtp-probe: checking bus 1, device 6: "/sys/devices/platform/soc/3f980000.usb/usb1/1-1/1-1.3"
Sep 18 06:44:23 dr100 mtp-probe: bus: 1, device: 6 was not an MTP device
Sep 18 06:44:23 dr100 kernel: [   14.911579] usb 1-1.1.3: new high-speed USB device number 7 using dwc_otg
Sep 18 06:44:23 dr100 systemd[1]: Found device Android.
Sep 18 06:44:23 dr100 systemd[1]: Started ifup for wwan1.
Sep 18 06:44:23 dr100 kernel: [   15.051585] usb 1-1.1.3: New USB device found, idVendor=2c7c, idProduct=0125
Sep 18 06:44:23 dr100 kernel: [   15.051593] usb 1-1.1.3: New USB device strings: Mfr=1, Product=2, SerialNumber=0
Sep 18 06:44:23 dr100 kernel: [   15.051597] usb 1-1.1.3: Product: Android
Sep 18 06:44:23 dr100 kernel: [   15.051601] usb 1-1.1.3: Manufacturer: Android
Sep 18 06:44:23 dr100 kernel: [   15.053179] option 1-1.1.3:1.0: GSM modem (1-port) converter detected
Sep 18 06:44:23 dr100 kernel: [   15.053434] usb 1-1.1.3: GSM modem (1-port) converter now attached to ttyUSB8
Sep 18 06:44:23 dr100 kernel: [   15.053752] option 1-1.1.3:1.1: GSM modem (1-port) converter detected
Sep 18 06:44:23 dr100 kernel: [   15.053924] usb 1-1.1.3: GSM modem (1-port) converter now attached to ttyUSB9
Sep 18 06:44:23 dr100 kernel: [   15.054204] option 1-1.1.3:1.2: GSM modem (1-port) converter detected
Sep 18 06:44:23 dr100 kernel: [   15.054347] usb 1-1.1.3: GSM modem (1-port) converter now attached to ttyUSB10
Sep 18 06:44:23 dr100 kernel: [   15.054683] option 1-1.1.3:1.3: GSM modem (1-port) converter detected
Sep 18 06:44:23 dr100 kernel: [   15.054831] usb 1-1.1.3: GSM modem (1-port) converter now attached to ttyUSB11
Sep 18 06:44:23 dr100 kernel: [   15.055363] qmi_wwan 1-1.1.3:1.4: cdc-wdm2: USB WDM device
Sep 18 06:44:23 dr100 kernel: [   15.056538] qmi_wwan 1-1.1.3:1.4 wwan2: register 'qmi_wwan' at usb-3f980000.usb-1.1.3, WWAN/QMI device, 7a:bc:60:74:87:55
Sep 18 06:44:23 dr100 mtp-probe: checking bus 1, device 7: "/sys/devices/platform/soc/3f980000.usb/usb1/1-1/1-1.1/1-1.1.3"
Sep 18 06:44:23 dr100 systemd[1]: Reloading OpenBSD Secure Shell server.
Sep 18 06:44:23 dr100 mtp-probe: bus: 1, device: 7 was not an MTP device
Sep 18 06:44:23 dr100 systemd[1]: Reloaded OpenBSD Secure Shell server.
Sep 18 06:44:23 dr100 sh[792]: wwan1=wwan1
Sep 18 06:44:24 dr100 systemd[1]: Found device Android.
Sep 18 06:44:24 dr100 systemd[1]: Started ifup for wwan2.
Sep 18 06:44:24 dr100 systemd[1]: Reloading OpenBSD Secure Shell server.
Sep 18 06:44:24 dr100 systemd[1]: Reloaded OpenBSD Secure Shell server.
Sep 18 06:44:24 dr100 sh[881]: wwan2=wwan2
Sep 18 06:44:30 dr100 sh[792]: error: couldn't get home network: QMI protocol error (16): 'NotProvisioned'
Sep 18 06:44:35 dr100 sh[792]: error: couldn't get home network: QMI protocol error (16): 'NotProvisioned'
Sep 18 06:44:37 dr100 uchcpc[986]: wwan0: deconfigured
Sep 18 06:44:38 dr100 uchcpc[986]: wwan0: bound: IP=10.76.151.244/255.255.255.248 router=10.76.151.245 domain="" dns="211.36.129.4 117.111.29.4" lease=7200
Sep 18 06:44:39 dr100 sh[792]: error: couldn't get home network: QMI protocol error (16): 'NotProvisioned'
Sep 18 06:44:43 dr100 uchcpc[1073]: wwan2: deconfigured
Sep 18 06:44:43 dr100 sh[792]: error: couldn't get home network: QMI protocol error (16): 'NotProvisioned'
Sep 18 06:44:43 dr100 sh[881]: ip: RTNETLINK answers: File exists
Sep 18 06:44:44 dr100 uchcpc[1073]: wwan2: bound: IP=10.53.1.72/255.255.255.240 router=10.53.1.73 domain="" dns="117.111.29.132 211.36.129.36" lease=7200
Sep 18 06:45:27 dr100 systemd[1]: Time has been changed
Sep 18 06:45:27 dr100 systemd[459]: Time has been changed
Sep 18 06:45:27 dr100 systemd-timesyncd[273]: Synchronized to time server 106.247.248.106:123 (2.debian.pool.ntp.org).
Sep 18 06:45:27 dr100 systemd[1]: apt-daily-upgrade.timer: Adding 34min 59.080078s random time.
Sep 18 06:45:27 dr100 systemd[1]: apt-daily.timer: Adding 1h 40min 15.907216s random time.
Sep 18 06:45:31 dr100 sh[792]: error: couldn't get home network: QMI protocol error (16): 'NotProvisioned'
Sep 18 06:45:35 dr100 sh[792]: error: couldn't get home network: QMI protocol error (16): 'NotProvisioned'
Sep 18 06:45:39 dr100 sh[792]: error: couldn't get home network: QMI protocol error (16): 'NotProvisioned'
Sep 18 06:45:43 dr100 sh[792]: error: couldn't get home network: QMI protocol error (16): 'NotProvisioned'
Sep 18 06:45:48 dr100 sh[792]: error: couldn't get home network: QMI protocol error (16): 'NotProvisioned'
Sep 18 06:45:52 dr100 sh[792]: error: couldn't get home network: QMI protocol error (16): 'NotProvisioned'
Sep 18 06:45:56 dr100 sh[792]: error: couldn't get home network: QMI protocol error (16): 'NotProvisioned'
Sep 18 06:46:13 dr100 sh[792]: error: couldn't start network: QMI protocol error (14): 'CallFailed'
Sep 18 06:46:13 dr100 sh[792]: call end reason (3): generic-no-service
Sep 18 06:46:13 dr100 sh[792]: verbose call end reason (3,2001): [cm] no-service
Sep 18 06:46:13 dr100 uchcpc[1246]: wwan1: deconfigured
Sep 18 06:46:28 dr100 systemd[1]: Started GPS (Global Positioning System) Daemon.
Sep 18 06:46:28 dr100 kernel: [   96.178682] uart-pl011 3f201000.serial: no DMA platform data
Sep 18 06:46:38 dr100 fluentd[401]: Starting Start/stop fluentd :/home/pi/msense-qmi/fluentd/td/gps.pos
Sep 18 06:46:38 dr100 fluentd[401]: /home/pi/msense-qmi/data/gps.json, 3960063, 273047
Sep 18 06:46:38 dr100 fluentd[401]: 4135839, 273047
Sep 18 06:46:38 dr100 fluentd[401]:  ok./home/pi/msense-qmi/fluentd/td/modem_0.pos
Sep 18 06:46:38 dr100 fluentd[401]: /home/pi/msense-qmi/data/modem_0.json, 39197654, 274874
Sep 18 06:46:38 dr100 fluentd[401]: 40860793, 274874
Sep 18 06:46:38 dr100 fluentd[401]:  ok./home/pi/msense-qmi/fluentd/td/modem_1.pos
Sep 18 06:46:38 dr100 fluentd[401]: /home/pi/msense-qmi/data/modem_1.json, 38938514, 274875
Sep 18 06:46:38 dr100 fluentd[401]: 40878899, 274875
Sep 18 06:46:38 dr100 fluentd[401]:  ok./home/pi/msense-qmi/fluentd/td/modem_2.pos
Sep 18 06:46:38 dr100 fluentd[401]: /home/pi/msense-qmi/data/modem_2.json, 43835234, 274876
Sep 18 06:46:38 dr100 fluentd[401]: 45967790, 274876
Sep 18 06:46:38 dr100 fluentd[401]:  ok./home/pi/msense-qmi/fluentd/td/speedtest.pos
Sep 18 06:46:38 dr100 fluentd[401]: /home/pi/msense-qmi/data/speedtest.json, 5692609, 274873
Sep 18 06:46:38 dr100 fluentd[401]: 5971968, 274873
Sep 18 06:46:38 dr100 fluentd[401]:  ok. fluentd.
Sep 18 06:46:38 dr100 systemd[1]: Started LSB: Start/stop fluentd.
Sep 18 06:46:38 dr100 systemd[1]: Reached target Multi-User System.
Sep 18 06:46:38 dr100 systemd[1]: Reached target Graphical Interface.
Sep 18 06:46:38 dr100 systemd[1]: Starting Update UTMP about System Runlevel Changes...
Sep 18 06:46:38 dr100 systemd[1]: Started Update UTMP about System Runlevel Changes.
Sep 18 06:46:38 dr100 systemd[1]: Startup finished in 1.902s (kernel) + 1min 44.502s (userspace) = 1min 46.404s.
Sep 18 06:48:10 dr100 kernel: [    0.000000] Booting Linux on physical CPU 0x0
Sep 18 06:48:10 dr100 kernel: [    0.000000] Linux version 4.14.50-v7+ (dc4@dc4-XPS13-9333) (gcc version 4.9.3 (crosstool-NG crosstool-ng-1.22.0-88-g8460611)) #1122 SMP Tue Jun 19 12:26:26 BST 2018
Sep 18 06:48:10 dr100 kernel: [    0.000000] CPU: ARMv7 Processor [410fd034] revision 4 (ARMv7), cr=10c5383d
Sep 18 06:48:10 dr100 kernel: [    0.000000] CPU: div instructions available: patching division code
Sep 18 06:48:10 dr100 kernel: [    0.000000] CPU: PIPT / VIPT nonaliasing data cache, VIPT aliasing instruction cache
Sep 18 06:48:10 dr100 kernel: [    0.000000] OF: fdt: Machine model: Raspberry Pi 3 Model B Plus Rev 1.3
Sep 18 06:48:10 dr100 kernel: [    0.000000] Memory policy: Data cache writealloc
Sep 18 06:48:10 dr100 kernel: [    0.000000] cma: Reserved 8 MiB at 0x3ac00000
Sep 18 06:48:10 dr100 kernel: [    0.000000] On node 0 totalpages: 242688
Sep 18 06:48:10 dr100 kernel: [    0.000000] free_area_init_node: node 0, pgdat 80c85000, node_mem_map ba3a1000
Sep 18 06:48:10 dr100 kernel: [    0.000000]   Normal zone: 2133 pages used for memmap
Sep 18 06:48:10 dr100 kernel: [    0.000000]   Normal zone: 0 pages reserved
Sep 18 06:48:10 dr100 systemd-modules-load[86]: Inserted module 'i2c_dev'
Sep 18 06:48:10 dr100 systemd[1]: Started Apply Kernel Variables.
Sep 18 06:48:10 dr100 fake-hwclock[91]: Tue 18 Sep 06:17:01 UTC 2018
Sep 18 06:48:10 dr100 systemd[1]: Time has been changed
Sep 18 06:48:10 dr100 systemd-fsck[90]: e2fsck 1.43.4 (31-Jan-2017)
Sep 18 06:48:10 dr100 systemd[1]: Started Restore / save the current clock.
Sep 18 06:48:10 dr100 systemd-fsck[90]: rootfs: clean, 190157/1926848 files, 1511483/7779456 blocks
Sep 18 06:48:10 dr100 systemd[1]: Started File System Check on Root Device.
Sep 18 06:48:10 dr100 systemd[1]: Started Create Static Device Nodes in /dev.
Sep 18 06:48:10 dr100 systemd[1]: Starting udev Kernel Device Manager...
Sep 18 06:48:10 dr100 systemd[1]: Starting Remount Root and Kernel File Systems...
Sep 18 06:48:10 dr100 systemd[1]: Started Remount Root and Kernel File Systems.
Sep 18 06:48:10 dr100 systemd[1]: Starting Flush Journal to Persistent Storage...
Sep 18 06:48:10 dr100 systemd[1]: Starting udev Coldplug all Devices...
Sep 18 06:48:10 dr100 systemd[1]: Starting Load/Save Random Seed...
Sep 18 06:48:10 dr100 systemd[1]: Started Load/Save Random Seed.
Sep 18 06:48:10 dr100 systemd[1]: Started Flush Journal to Persistent Storage.
Sep 18 06:48:10 dr100 systemd[1]: Started udev Kernel Device Manager.
Sep 18 06:48:10 dr100 systemd[1]: Started Set the console keyboard layout.
Sep 18 06:48:10 dr100 systemd[1]: Reached target Local File Systems (Pre).
Sep 18 06:48:10 dr100 systemd[1]: Started udev Coldplug all Devices.
Sep 18 06:48:10 dr100 systemd[1]: Starting Show Plymouth Boot Screen...
Sep 18 06:48:10 dr100 systemd[1]: Started Show Plymouth Boot Screen.
Sep 18 06:48:10 dr100 systemd[1]: Started Forward Password Requests to Plymouth Directory Watch.
Sep 18 06:48:10 dr100 systemd[1]: Reached target Encrypted Volumes.
Sep 18 06:48:10 dr100 systemd[1]: Reached target Paths.
Sep 18 06:48:10 dr100 systemd[1]: Found device /dev/disk/by-partuuid/422de1a7-01.
Sep 18 06:48:10 dr100 systemd[1]: Starting File System Check on /dev/disk/by-partuuid/422de1a7-01...
Sep 18 06:48:10 dr100 mtp-probe: checking bus 1, device 4: "/sys/devices/platform/soc/3f980000.usb/usb1/1-1/1-1.1/1-1.1.1"
Sep 18 06:48:10 dr100 mtp-probe: bus: 1, device: 4 was not an MTP device
Sep 18 06:48:10 dr100 kernel: [    0.000000]   Normal zone: 242688 pages, LIFO batch:31
Sep 18 06:48:10 dr100 systemd[1]: Reached target Sound Card.
Sep 18 06:48:10 dr100 kernel: [    0.000000] percpu: Embedded 17 pages/cpu @ba34a000 s38720 r8192 d22720 u69632
Sep 18 06:48:10 dr100 kernel: [    0.000000] pcpu-alloc: s38720 r8192 d22720 u69632 alloc=17*4096
Sep 18 06:48:10 dr100 kernel: [    0.000000] pcpu-alloc: [0] 0 [0] 1 [0] 2 [0] 3 
Sep 18 06:48:10 dr100 systemd-fsck[223]: fsck.fat 4.1 (2017-01-24)
Sep 18 06:48:10 dr100 kernel: [    0.000000] Built 1 zonelists, mobility grouping on.  Total pages: 240555
Sep 18 06:48:10 dr100 kernel: [    0.000000] Kernel command line: 8250.nr_uarts=1 bcm2708_fb.fbwidth=656 bcm2708_fb.fbheight=416 bcm2708_fb.fbswap=1 vc_mem.mem_base=0x3ec00000 vc_mem.mem_size=0x40000000  dwc_otg.lpm_enable=0 console=tty1 root=PARTUUID=422de1a7-02 rootfstype=ext4 elevator=deadline fsck.repair=yes rootwait quiet splash plymouth.ignore-serial-consoles
Sep 18 06:48:10 dr100 kernel: [    0.000000] PID hash table entries: 4096 (order: 2, 16384 bytes)
Sep 18 06:48:10 dr100 kernel: [    0.000000] Dentry cache hash table entries: 131072 (order: 7, 524288 bytes)
Sep 18 06:48:10 dr100 systemd-fsck[223]: 0x41: Dirty bit is set. Fs was not properly unmounted and some data may be corrupt.
Sep 18 06:48:10 dr100 kernel: [    0.000000] Inode-cache hash table entries: 65536 (order: 6, 262144 bytes)
Sep 18 06:48:10 dr100 kernel: [    0.000000] Memory: 940236K/970752K available (7168K kernel code, 575K rwdata, 2072K rodata, 1024K init, 706K bss, 22324K reserved, 8192K cma-reserved)
Sep 18 06:48:10 dr100 kernel: [    0.000000] Virtual kernel memory layout:
Sep 18 06:48:10 dr100 systemd-fsck[223]:  Automatically removing dirty bit.
Sep 18 06:48:10 dr100 kernel: [    0.000000]     vector  : 0xffff0000 - 0xffff1000   (   4 kB)
Sep 18 06:48:10 dr100 kernel: [    0.000000]     fixmap  : 0xffc00000 - 0xfff00000   (3072 kB)
Sep 18 06:48:10 dr100 kernel: [    0.000000]     vmalloc : 0xbb800000 - 0xff800000   (1088 MB)
Sep 18 06:48:10 dr100 kernel: [    0.000000]     lowmem  : 0x80000000 - 0xbb400000   ( 948 MB)
Sep 18 06:48:10 dr100 systemd-fsck[223]: Performing changes.
Sep 18 06:48:10 dr100 kernel: [    0.000000]     modules : 0x7f000000 - 0x80000000   (  16 MB)
Sep 18 06:48:10 dr100 kernel: [    0.000000]       .text : 0x80008000 - 0x80800000   (8160 kB)
Sep 18 06:48:10 dr100 kernel: [    0.000000]       .init : 0x80b00000 - 0x80c00000   (1024 kB)
Sep 18 06:48:10 dr100 systemd-fsck[223]: /dev/mmcblk0p1: 167 files, 44386/87078 clusters
Sep 18 06:48:10 dr100 kernel: [    0.000000]       .data : 0x80c00000 - 0x80c8fef4   ( 576 kB)
Sep 18 06:48:10 dr100 kernel: [    0.000000]        .bss : 0x80c96f40 - 0x80d478b4   ( 707 kB)
Sep 18 06:48:10 dr100 kernel: [    0.000000] SLUB: HWalign=64, Order=0-3, MinObjects=0, CPUs=4, Nodes=1
Sep 18 06:48:10 dr100 kernel: [    0.000000] ftrace: allocating 25253 entries in 75 pages
Sep 18 06:48:10 dr100 kernel: [    0.000000] Hierarchical RCU implementation.
Sep 18 06:48:10 dr100 systemd[1]: Started File System Check on /dev/disk/by-partuuid/422de1a7-01.
Sep 18 06:48:10 dr100 kernel: [    0.000000] NR_IRQS: 16, nr_irqs: 16, preallocated irqs: 16
Sep 18 06:48:10 dr100 kernel: [    0.000000] arch_timer: cp15 timer(s) running at 19.20MHz (phys).
Sep 18 06:48:10 dr100 kernel: [    0.000000] clocksource: arch_sys_counter: mask: 0xffffffffffffff max_cycles: 0x46d987e47, max_idle_ns: 440795202767 ns
Sep 18 06:48:10 dr100 kernel: [    0.000007] sched_clock: 56 bits at 19MHz, resolution 52ns, wraps every 4398046511078ns
Sep 18 06:48:10 dr100 kernel: [    0.000018] Switching to timer-based delay loop, resolution 52ns
Sep 18 06:48:10 dr100 kernel: [    0.000262] Console: colour dummy device 80x30
Sep 18 06:48:10 dr100 kernel: [    0.000280] console [tty1] enabled
Sep 18 06:48:10 dr100 kernel: [    0.000308] Calibrating delay loop (skipped), value calculated using timer frequency.. 38.40 BogoMIPS (lpj=192000)
Sep 18 06:48:10 dr100 kernel: [    0.000323] pid_max: default: 32768 minimum: 301
Sep 18 06:48:10 dr100 kernel: [    0.000639] Mount-cache hash table entries: 2048 (order: 1, 8192 bytes)
Sep 18 06:48:10 dr100 kernel: [    0.000653] Mountpoint-cache hash table entries: 2048 (order: 1, 8192 bytes)
Sep 18 06:48:10 dr100 kernel: [    0.001587] Disabling memory control group subsystem
Sep 18 06:48:10 dr100 kernel: [    0.001667] CPU: Testing write buffer coherency: ok
Sep 18 06:48:10 dr100 kernel: [    0.002060] CPU0: thread -1, cpu 0, socket 0, mpidr 80000000
Sep 18 06:48:10 dr100 kernel: [    0.002437] Setting up static identity map for 0x100000 - 0x10003c
Sep 18 06:48:10 dr100 kernel: [    0.002554] Hierarchical SRCU implementation.
Sep 18 06:48:10 dr100 kernel: [    0.003188] smp: Bringing up secondary CPUs ...
Sep 18 06:48:10 dr100 kernel: [    0.003867] CPU1: thread -1, cpu 1, socket 0, mpidr 80000001
Sep 18 06:48:10 dr100 kernel: [    0.004613] CPU2: thread -1, cpu 2, socket 0, mpidr 80000002
Sep 18 06:48:10 dr100 kernel: [    0.005337] CPU3: thread -1, cpu 3, socket 0, mpidr 80000003
Sep 18 06:48:10 dr100 kernel: [    0.005441] smp: Brought up 1 node, 4 CPUs
Sep 18 06:48:10 dr100 kernel: [    0.005452] SMP: Total of 4 processors activated (153.60 BogoMIPS).
Sep 18 06:48:10 dr100 kernel: [    0.005457] CPU: All CPU(s) started in HYP mode.
Sep 18 06:48:10 dr100 kernel: [    0.005461] CPU: Virtualization extensions available.
Sep 18 06:48:10 dr100 kernel: [    0.006313] devtmpfs: initialized
Sep 18 06:48:10 dr100 kernel: [    0.016200] random: get_random_u32 called from bucket_table_alloc+0xfc/0x24c with crng_init=0
Sep 18 06:48:10 dr100 kernel: [    0.016931] VFP support v0.3: implementor 41 architecture 3 part 40 variant 3 rev 4
Sep 18 06:48:10 dr100 kernel: [    0.017152] clocksource: jiffies: mask: 0xffffffff max_cycles: 0xffffffff, max_idle_ns: 19112604462750000 ns
Sep 18 06:48:10 dr100 kernel: [    0.017170] futex hash table entries: 1024 (order: 4, 65536 bytes)
Sep 18 06:48:10 dr100 kernel: [    0.017732] pinctrl core: initialized pinctrl subsystem
Sep 18 06:48:10 dr100 kernel: [    0.018469] NET: Registered protocol family 16
Sep 18 06:48:10 dr100 kernel: [    0.021156] DMA: preallocated 1024 KiB pool for atomic coherent allocations
Sep 18 06:48:10 dr100 kernel: [    0.025994] hw-breakpoint: found 5 (+1 reserved) breakpoint and 4 watchpoint registers.
Sep 18 06:48:10 dr100 kernel: [    0.026002] hw-breakpoint: maximum watchpoint size is 8 bytes.
Sep 18 06:48:10 dr100 kernel: [    0.026200] Serial: AMBA PL011 UART driver
Sep 18 06:48:10 dr100 kernel: [    0.027812] bcm2835-mbox 3f00b880.mailbox: mailbox enabled
Sep 18 06:48:10 dr100 kernel: [    0.028268] uart-pl011 3f201000.serial: could not find pctldev for node /soc/gpio@7e200000/uart0_pins, deferring probe
Sep 18 06:48:10 dr100 kernel: [    0.059357] bcm2835-dma 3f007000.dma: DMA legacy API manager at bb813000, dmachans=0x1
Sep 18 06:48:10 dr100 kernel: [    0.060863] SCSI subsystem initialized
Sep 18 06:48:10 dr100 kernel: [    0.061086] usbcore: registered new interface driver usbfs
Sep 18 06:48:10 dr100 kernel: [    0.061137] usbcore: registered new interface driver hub
Sep 18 06:48:10 dr100 kernel: [    0.061221] usbcore: registered new device driver usb
Sep 18 06:48:10 dr100 kernel: [    0.070094] raspberrypi-firmware soc:firmware: Attached to firmware from 2018-06-07 15:31
Sep 18 06:48:10 dr100 kernel: [    0.071488] clocksource: Switched to clocksource arch_sys_counter
Sep 18 06:48:10 dr100 kernel: [    0.148498] VFS: Disk quotas dquot_6.6.0
Sep 18 06:48:10 dr100 kernel: [    0.148581] VFS: Dquot-cache hash table entries: 1024 (order 0, 4096 bytes)
Sep 18 06:48:10 dr100 kernel: [    0.148767] FS-Cache: Loaded
Sep 18 06:48:10 dr100 kernel: [    0.148964] CacheFiles: Loaded
Sep 18 06:48:10 dr100 kernel: [    0.157729] NET: Registered protocol family 2
Sep 18 06:48:10 dr100 kernel: [    0.158448] TCP established hash table entries: 8192 (order: 3, 32768 bytes)
Sep 18 06:48:10 dr100 kernel: [    0.158557] TCP bind hash table entries: 8192 (order: 4, 65536 bytes)
Sep 18 06:48:10 dr100 kernel: [    0.158742] TCP: Hash tables configured (established 8192 bind 8192)
Sep 18 06:48:10 dr100 kernel: [    0.158871] UDP hash table entries: 512 (order: 2, 16384 bytes)
Sep 18 06:48:10 dr100 kernel: [    0.158914] UDP-Lite hash table entries: 512 (order: 2, 16384 bytes)
Sep 18 06:48:10 dr100 kernel: [    0.159141] NET: Registered protocol family 1
Sep 18 06:48:10 dr100 kernel: [    0.159575] RPC: Registered named UNIX socket transport module.
Sep 18 06:48:10 dr100 kernel: [    0.159580] RPC: Registered udp transport module.
Sep 18 06:48:10 dr100 kernel: [    0.159585] RPC: Registered tcp transport module.
Sep 18 06:48:10 dr100 kernel: [    0.159590] RPC: Registered tcp NFSv4.1 backchannel transport module.
Sep 18 06:48:10 dr100 kernel: [    0.161074] hw perfevents: enabled with armv7_cortex_a7 PMU driver, 7 counters available
Sep 18 06:48:10 dr100 kernel: [    0.163915] workingset: timestamp_bits=14 max_order=18 bucket_order=4
Sep 18 06:48:10 dr100 kernel: [    0.171856] FS-Cache: Netfs 'nfs' registered for caching
Sep 18 06:48:10 dr100 kernel: [    0.172447] NFS: Registering the id_resolver key type
Sep 18 06:48:10 dr100 kernel: [    0.172476] Key type id_resolver registered
Sep 18 06:48:10 dr100 kernel: [    0.172482] Key type id_legacy registered
Sep 18 06:48:10 dr100 kernel: [    0.172497] nfs4filelayout_init: NFSv4 File Layout Driver Registering...
Sep 18 06:48:10 dr100 kernel: [    0.174360] Block layer SCSI generic (bsg) driver version 0.4 loaded (major 251)
Sep 18 06:48:10 dr100 kernel: [    0.174480] io scheduler noop registered
Sep 18 06:48:10 dr100 kernel: [    0.174487] io scheduler deadline registered (default)
Sep 18 06:48:10 dr100 kernel: [    0.174758] io scheduler cfq registered
Sep 18 06:48:10 dr100 kernel: [    0.174765] io scheduler mq-deadline registered
Sep 18 06:48:10 dr100 kernel: [    0.174771] io scheduler kyber registered
Sep 18 06:48:10 dr100 kernel: [    0.176990] BCM2708FB: allocated DMA memory fad00000
Sep 18 06:48:10 dr100 kernel: [    0.177015] BCM2708FB: allocated DMA channel 0 @ bb813000
Sep 18 06:48:10 dr100 kernel: [    0.185550] Console: switching to colour frame buffer device 82x26
Sep 18 06:48:10 dr100 kernel: [    0.190682] Serial: 8250/16550 driver, 1 ports, IRQ sharing enabled
Sep 18 06:48:10 dr100 kernel: [    0.191901] bcm2835-rng 3f104000.rng: hwrng registered
Sep 18 06:48:10 dr100 kernel: [    0.192023] vc-mem: phys_addr:0x00000000 mem_base=0x3ec00000 mem_size:0x40000000(1024 MiB)
Sep 18 06:48:10 dr100 kernel: [    0.192477] vc-sm: Videocore shared memory driver
Sep 18 06:48:10 dr100 kernel: [    0.192744] gpiomem-bcm2835 3f200000.gpiomem: Initialised: Registers at 0x3f200000
Sep 18 06:48:10 dr100 kernel: [    0.202226] brd: module loaded
Sep 18 06:48:10 dr100 kernel: [    0.210764] loop: module loaded
Sep 18 06:48:10 dr100 kernel: [    0.210776] Loading iSCSI transport class v2.0-870.
Sep 18 06:48:10 dr100 kernel: [    0.211403] libphy: Fixed MDIO Bus: probed
Sep 18 06:48:10 dr100 kernel: [    0.211587] usbcore: registered new interface driver lan78xx
Sep 18 06:48:10 dr100 kernel: [    0.211642] usbcore: registered new interface driver smsc95xx
Sep 18 06:48:10 dr100 kernel: [    0.211657] dwc_otg: version 3.00a 10-AUG-2012 (platform bus)
Sep 18 06:48:10 dr100 kernel: [    0.439739] Core Release: 2.80a
Sep 18 06:48:10 dr100 kernel: [    0.439748] Setting default values for core params
Sep 18 06:48:10 dr100 kernel: [    0.439778] Finished setting default values for core params
Sep 18 06:48:10 dr100 kernel: [    0.640013] Using Buffer DMA mode
Sep 18 06:48:10 dr100 kernel: [    0.640020] Periodic Transfer Interrupt Enhancement - disabled
Sep 18 06:48:10 dr100 kernel: [    0.640025] Multiprocessor Interrupt Enhancement - disabled
Sep 18 06:48:10 dr100 kernel: [    0.640031] OTG VER PARAM: 0, OTG VER FLAG: 0
Sep 18 06:48:10 dr100 kernel: [    0.640042] Dedicated Tx FIFOs mode
Sep 18 06:48:10 dr100 kernel: [    0.640421] WARN::dwc_otg_hcd_init:1046: FIQ DMA bounce buffers: virt = 0xbad14000 dma = 0xfad14000 len=9024
Sep 18 06:48:10 dr100 kernel: [    0.640444] FIQ FSM acceleration enabled for :
Sep 18 06:48:10 dr100 kernel: [    0.640444] Non-periodic Split Transactions
Sep 18 06:48:10 dr100 kernel: [    0.640444] Periodic Split Transactions
Sep 18 06:48:10 dr100 kernel: [    0.640444] High-Speed Isochronous Endpoints
Sep 18 06:48:10 dr100 kernel: [    0.640444] Interrupt/Control Split Transaction hack enabled
Sep 18 06:48:10 dr100 kernel: [    0.640463] dwc_otg: Microframe scheduler enabled
Sep 18 06:48:10 dr100 kernel: [    0.640549] WARN::hcd_init_fiq:459: FIQ on core 1 at 0x805e7d20
Sep 18 06:48:10 dr100 kernel: [    0.640559] WARN::hcd_init_fiq:460: FIQ ASM at 0x805e8088 length 36
Sep 18 06:48:10 dr100 kernel: [    0.640571] WARN::hcd_init_fiq:486: MPHI regs_base at 0xbb87e000
Sep 18 06:48:10 dr100 kernel: [    0.640628] dwc_otg 3f980000.usb: DWC OTG Controller
Sep 18 06:48:10 dr100 kernel: [    0.640662] dwc_otg 3f980000.usb: new USB bus registered, assigned bus number 1
Sep 18 06:48:10 dr100 kernel: [    0.640693] dwc_otg 3f980000.usb: irq 62, io mem 0x00000000
Sep 18 06:48:10 dr100 kernel: [    0.640739] Init: Port Power? op_state=1
Sep 18 06:48:10 dr100 kernel: [    0.640744] Init: Power Port (0)
Sep 18 06:48:10 dr100 kernel: [    0.640942] usb usb1: New USB device found, idVendor=1d6b, idProduct=0002
Sep 18 06:48:10 dr100 kernel: [    0.640952] usb usb1: New USB device strings: Mfr=3, Product=2, SerialNumber=1
Sep 18 06:48:10 dr100 kernel: [    0.640960] usb usb1: Product: DWC OTG Controller
Sep 18 06:48:10 dr100 kernel: [    0.640968] usb usb1: Manufacturer: Linux 4.14.50-v7+ dwc_otg_hcd
Sep 18 06:48:10 dr100 kernel: [    0.640976] usb usb1: SerialNumber: 3f980000.usb
Sep 18 06:48:10 dr100 kernel: [    0.641593] hub 1-0:1.0: USB hub found
Sep 18 06:48:10 dr100 kernel: [    0.641633] hub 1-0:1.0: 1 port detected
Sep 18 06:48:10 dr100 kernel: [    0.642142] dwc_otg: FIQ enabled
Sep 18 06:48:10 dr100 kernel: [    0.642147] dwc_otg: NAK holdoff enabled
Sep 18 06:48:10 dr100 kernel: [    0.642151] dwc_otg: FIQ split-transaction FSM enabled
Sep 18 06:48:10 dr100 kernel: [    0.642161] Module dwc_common_port init
Sep 18 06:48:10 dr100 kernel: [    0.642387] usbcore: registered new interface driver usb-storage
Sep 18 06:48:10 dr100 kernel: [    0.642556] mousedev: PS/2 mouse device common for all mice
Sep 18 06:48:10 dr100 kernel: [    0.642625] IR NEC protocol handler initialized
Sep 18 06:48:10 dr100 kernel: [    0.642630] IR RC5(x/sz) protocol handler initialized
Sep 18 06:48:10 dr100 kernel: [    0.642635] IR RC6 protocol handler initialized
Sep 18 06:48:10 dr100 kernel: [    0.642640] IR JVC protocol handler initialized
Sep 18 06:48:10 dr100 kernel: [    0.642645] IR Sony protocol handler initialized
Sep 18 06:48:10 dr100 kernel: [    0.642650] IR SANYO protocol handler initialized
Sep 18 06:48:10 dr100 kernel: [    0.642655] IR Sharp protocol handler initialized
Sep 18 06:48:10 dr100 kernel: [    0.642660] IR MCE Keyboard/mouse protocol handler initialized
Sep 18 06:48:10 dr100 kernel: [    0.642665] IR XMP protocol handler initialized
Sep 18 06:48:10 dr100 kernel: [    0.643314] bcm2835-wdt 3f100000.watchdog: Broadcom BCM2835 watchdog timer
Sep 18 06:48:10 dr100 kernel: [    0.644175] bcm2835-cpufreq: min=600000 max=1400000
Sep 18 06:48:10 dr100 kernel: [    0.644526] sdhci: Secure Digital Host Controller Interface driver
Sep 18 06:48:10 dr100 kernel: [    0.644530] sdhci: Copyright(c) Pierre Ossman
Sep 18 06:48:10 dr100 kernel: [    0.644869] sdhost-bcm2835 3f202000.mmc: could not get clk, deferring probe
Sep 18 06:48:10 dr100 kernel: [    0.644962] sdhci-pltfm: SDHCI platform and OF driver helper
Sep 18 06:48:10 dr100 kernel: [    0.646354] ledtrig-cpu: registered to indicate activity on CPUs
Sep 18 06:48:10 dr100 kernel: [    0.646488] hidraw: raw HID events driver (C) Jiri Kosina
Sep 18 06:48:10 dr100 kernel: [    0.646631] usbcore: registered new interface driver usbhid
Sep 18 06:48:10 dr100 kernel: [    0.646636] usbhid: USB HID core driver
Sep 18 06:48:10 dr100 kernel: [    0.647216] vchiq: vchiq_init_state: slot_zero = bad80000, is_master = 0
Sep 18 06:48:10 dr100 kernel: [    0.648579] [vc_sm_connected_init]: start
Sep 18 06:48:10 dr100 kernel: [    0.657184] [vc_sm_connected_init]: end - returning 0
Sep 18 06:48:10 dr100 kernel: [    0.657721] Initializing XFRM netlink socket
Sep 18 06:48:10 dr100 kernel: [    0.657744] NET: Registered protocol family 17
Sep 18 06:48:10 dr100 kernel: [    0.657840] Key type dns_resolver registered
Sep 18 06:48:10 dr100 kernel: [    0.658343] Registering SWP/SWPB emulation handler
Sep 18 06:48:10 dr100 kernel: [    0.658910] registered taskstats version 1
Sep 18 06:48:10 dr100 kernel: [    0.664697] uart-pl011 3f201000.serial: cts_event_workaround enabled
Sep 18 06:48:10 dr100 kernel: [    0.664770] 3f201000.serial: ttyAMA0 at MMIO 0x3f201000 (irq = 87, base_baud = 0) is a PL011 rev2
Sep 18 06:48:10 dr100 kernel: [    0.666597] sdhost: log_buf @ bad13000 (fad13000)
Sep 18 06:48:10 dr100 kernel: [    0.741516] mmc0: sdhost-bcm2835 loaded - DMA enabled (>1)
Sep 18 06:48:10 dr100 kernel: [    0.742494] of_cfs_init
Sep 18 06:48:10 dr100 kernel: [    0.742583] of_cfs_init: OK
Sep 18 06:48:10 dr100 kernel: [    0.743108] Waiting for root device PARTUUID=422de1a7-02...
Sep 18 06:48:10 dr100 kernel: [    0.871682] mmc0: host does not support reading read-only switch, assuming write-enable
Sep 18 06:48:10 dr100 kernel: [    0.871851] Indeed it is in host mode hprt0 = 00021501
Sep 18 06:48:10 dr100 kernel: [    0.933602] mmc0: new high speed SDHC card at address aaaa
Sep 18 06:48:10 dr100 kernel: [    0.934152] mmcblk0: mmc0:aaaa SB32G 29.7 GiB
Sep 18 06:48:10 dr100 kernel: [    0.938535]  mmcblk0: p1 p2
Sep 18 06:48:10 dr100 kernel: [    0.959494] random: fast init done
Sep 18 06:48:10 dr100 kernel: [    0.965584] EXT4-fs (mmcblk0p2): INFO: recovery required on readonly filesystem
Sep 18 06:48:10 dr100 kernel: [    0.965591] EXT4-fs (mmcblk0p2): write access will be enabled during recovery
Sep 18 06:48:10 dr100 kernel: [    1.081533] usb 1-1: new high-speed USB device number 2 using dwc_otg
Sep 18 06:48:10 dr100 kernel: [    1.081650] Indeed it is in host mode hprt0 = 00001101
Sep 18 06:48:10 dr100 kernel: [    1.321767] usb 1-1: New USB device found, idVendor=0424, idProduct=2514
Sep 18 06:48:10 dr100 kernel: [    1.321779] usb 1-1: New USB device strings: Mfr=0, Product=0, SerialNumber=0
Sep 18 06:48:10 dr100 kernel: [    1.322420] hub 1-1:1.0: USB hub found
Sep 18 06:48:10 dr100 kernel: [    1.322497] hub 1-1:1.0: 4 ports detected
Sep 18 06:48:10 dr100 kernel: [    1.641560] usb 1-1.1: new high-speed USB device number 3 using dwc_otg
Sep 18 06:48:10 dr100 kernel: [    1.771758] usb 1-1.1: New USB device found, idVendor=0424, idProduct=2514
Sep 18 06:48:10 dr100 kernel: [    1.771773] usb 1-1.1: New USB device strings: Mfr=0, Product=0, SerialNumber=0
Sep 18 06:48:10 dr100 kernel: [    1.772375] hub 1-1.1:1.0: USB hub found
Sep 18 06:48:10 dr100 kernel: [    1.772453] hub 1-1.1:1.0: 3 ports detected
Sep 18 06:48:10 dr100 kernel: [    2.094548] EXT4-fs (mmcblk0p2): orphan cleanup on readonly fs
Sep 18 06:48:10 dr100 kernel: [    2.094682] EXT4-fs (mmcblk0p2): 1 orphan inode deleted
Sep 18 06:48:10 dr100 kernel: [    2.094689] EXT4-fs (mmcblk0p2): recovery complete
Sep 18 06:48:10 dr100 kernel: [    2.120530] EXT4-fs (mmcblk0p2): mounted filesystem with ordered data mode. Opts: (null)
Sep 18 06:48:10 dr100 kernel: [    2.120585] VFS: Mounted root (ext4 filesystem) readonly on device 179:2.
Sep 18 06:48:10 dr100 kernel: [    2.125181] dwc_otg_handle_wakeup_detected_intr lxstate = 2
Sep 18 06:48:10 dr100 kernel: [    2.129055] devtmpfs: mounted
Sep 18 06:48:10 dr100 kernel: [    2.132063] Freeing unused kernel memory: 1024K
Sep 18 06:48:10 dr100 kernel: [    2.571537] usb 1-1.1.1: new high-speed USB device number 4 using dwc_otg
Sep 18 06:48:10 dr100 kernel: [    2.635190] NET: Registered protocol family 10
Sep 18 06:48:10 dr100 kernel: [    2.636308] Segment Routing with IPv6
Sep 18 06:48:10 dr100 kernel: [    2.647197] ip_tables: (C) 2000-2006 Netfilter Core Team
Sep 18 06:48:10 dr100 kernel: [    2.664116] random: systemd: uninitialized urandom read (16 bytes read)
Sep 18 06:48:10 dr100 kernel: [    2.702018] usb 1-1.1.1: New USB device found, idVendor=0424, idProduct=7800
Sep 18 06:48:10 dr100 kernel: [    2.702033] usb 1-1.1.1: New USB device strings: Mfr=0, Product=0, SerialNumber=0
Sep 18 06:48:10 dr100 kernel: [    2.716143] random: systemd: uninitialized urandom read (16 bytes read)
Sep 18 06:48:10 dr100 kernel: [    2.750790] random: systemd-gpt-aut: uninitialized urandom read (16 bytes read)
Sep 18 06:48:10 dr100 kernel: [    2.985658] libphy: lan78xx-mdiobus: probed
Sep 18 06:48:10 dr100 kernel: [    3.243350] i2c /dev entries driver
Sep 18 06:48:10 dr100 kernel: [    3.679515] EXT4-fs (mmcblk0p2): re-mounted. Opts: (null)
Sep 18 06:48:10 dr100 kernel: [    4.296473] snd_bcm2835: module is from the staging directory, the quality is unknown, you have been warned.
Sep 18 06:48:10 dr100 kernel: [    4.299210] bcm2835_alsa bcm2835_alsa: card created with 8 channels
Sep 18 06:48:10 dr100 systemd[1]: Mounting /boot...
Sep 18 06:48:10 dr100 systemd[1]: Mounted /boot.
Sep 18 06:48:10 dr100 systemd[1]: Reached target Local File Systems.
Sep 18 06:48:10 dr100 systemd[1]: Starting Preprocess NFS configuration...
Sep 18 06:48:10 dr100 systemd[1]: Starting Set console font and keymap...
Sep 18 06:48:10 dr100 systemd[1]: Starting Create Volatile Files and Directories...
Sep 18 06:48:10 dr100 systemd[1]: Starting Tell Plymouth To Write Out Runtime Data...
Sep 18 06:48:10 dr100 systemd[1]: Starting Raise network interfaces...
Sep 18 06:48:10 dr100 systemd[1]: Started Preprocess NFS configuration.
Sep 18 06:48:10 dr100 systemd[1]: Reached target NFS client services.
Sep 18 06:48:10 dr100 systemd[1]: Reached target Remote File Systems (Pre).
Sep 18 06:48:10 dr100 systemd[1]: Reached target Remote File Systems.
Sep 18 06:48:10 dr100 systemd[1]: Started Set console font and keymap.
Sep 18 06:48:10 dr100 systemd[1]: Started Create Volatile Files and Directories.
Sep 18 06:48:10 dr100 systemd[1]: Starting Network Time Synchronization...
Sep 18 06:48:10 dr100 systemd[1]: Starting Update UTMP about System Boot/Shutdown...
Sep 18 06:48:10 dr100 systemd[1]: Started Update UTMP about System Boot/Shutdown.
Sep 18 06:48:10 dr100 systemd-timesyncd[256]: System clock time unset or jumped backwards, restoring from recorded timestamp: Tue 2018-09-18 06:48:08 UTC
Sep 18 06:48:10 dr100 systemd[1]: Time has been changed
Sep 18 06:48:10 dr100 systemd[1]: Started Network Time Synchronization.
Sep 18 06:48:10 dr100 systemd[1]: Reached target System Time Synchronized.
Sep 18 06:48:10 dr100 systemd[1]: Received SIGRTMIN+20 from PID 190 (plymouthd).
Sep 18 06:48:10 dr100 systemd[1]: Started Tell Plymouth To Write Out Runtime Data.
Sep 18 06:48:10 dr100 systemd[1]: Reached target System Initialization.
Sep 18 06:48:10 dr100 systemd[1]: Listening on Avahi mDNS/DNS-SD Stack Activation Socket.
Sep 18 06:48:10 dr100 systemd[1]: Listening on GPS (Global Positioning System) Daemon Sockets.
Sep 18 06:48:10 dr100 systemd[1]: Started Daily Cleanup of Temporary Directories.
Sep 18 06:48:10 dr100 systemd[1]: apt-daily.timer: Adding 8h 29min 16.119400s random time.
Sep 18 06:48:10 dr100 systemd[1]: Started Daily apt download activities.
Sep 18 06:48:10 dr100 systemd[1]: apt-daily-upgrade.timer: Adding 11.329035s random time.
Sep 18 06:48:10 dr100 systemd[1]: Started Daily apt upgrade and clean activities.
Sep 18 06:48:10 dr100 systemd[1]: Reached target Timers.
Sep 18 06:48:10 dr100 systemd[1]: Listening on D-Bus System Message Bus Socket.
Sep 18 06:48:10 dr100 systemd[1]: Listening on triggerhappy.socket.
Sep 18 06:48:10 dr100 systemd[1]: Reached target Sockets.
Sep 18 06:48:10 dr100 systemd[1]: Reached target Basic System.
Sep 18 06:48:10 dr100 systemd[1]: Started Regular background program processing daemon.
Sep 18 06:48:10 dr100 systemd[1]: Started D-Bus System Message Bus.
Sep 18 06:48:10 dr100 cron[299]: (CRON) INFO (pidfile fd = 3)
Sep 18 06:48:10 dr100 ifup[260]: /bin/sh: 1: cannot create /sys/class/net/wwan0/qmi/raw_ip: Directory nonexistent
Sep 18 06:48:10 dr100 ifup[260]: ifup: failed to bring up wwan0
Sep 18 06:48:10 dr100 ifup[260]: /bin/sh: 1: cannot create /sys/class/net/wwan1/qmi/raw_ip: Directory nonexistent
Sep 18 06:48:10 dr100 ifup[260]: ifup: failed to bring up wwan1
Sep 18 06:48:10 dr100 cron[299]: (CRON) INFO (Running @reboot jobs)
Sep 18 06:48:10 dr100 ifup[260]: /bin/sh: 1: cannot create /sys/class/net/wwan2/qmi/raw_ip: Directory nonexistent
Sep 18 06:48:10 dr100 ifup[260]: ifup: failed to bring up wwan2
Sep 18 06:48:10 dr100 systemd[1]: Starting LSB: Autogenerate and use a swap file...
Sep 18 06:48:10 dr100 systemd[1]: Starting triggerhappy global hotkey daemon...
Sep 18 06:48:10 dr100 systemd[1]: Starting System Logging Service...
Sep 18 06:48:10 dr100 systemd[1]: Starting Avahi mDNS/DNS-SD Stack...
Sep 18 06:48:10 dr100 systemd[1]: Starting LSB: Switch to ondemand cpu governor (unless shift key is pressed)...
Sep 18 06:48:10 dr100 systemd[1]: Starting Login Service...
Sep 18 06:48:10 dr100 systemd[1]: Starting Disable WiFi if country not set...
Sep 18 06:48:10 dr100 thd[318]: Found socket passed from systemd
Sep 18 06:48:10 dr100 systemd[1]: Started BluezALSA proxy.
Sep 18 06:48:10 dr100 systemd[1]: Starting Save/Restore Sound Card State...
Sep 18 06:48:10 dr100 systemd[1]: Starting dhcpcd on all interfaces...
Sep 18 06:48:10 dr100 systemd[1]: Starting Check for v3d driver...
Sep 18 06:48:10 dr100 systemd[1]: Started triggerhappy global hotkey daemon.
Sep 18 06:48:10 dr100 systemd[1]: Started Save/Restore Sound Card State.
Sep 18 06:48:10 dr100 systemd[1]: Started Check for v3d driver.
Sep 18 06:48:10 dr100 avahi-daemon[320]: Found user 'avahi' (UID 108) and group 'avahi' (GID 112).
Sep 18 06:48:10 dr100 avahi-daemon[320]: Successfully dropped root privileges.
Sep 18 06:48:10 dr100 avahi-daemon[320]: avahi-daemon 0.6.32 starting up.
Sep 18 06:48:10 dr100 avahi-daemon[320]: Successfully called chroot().
Sep 18 06:48:10 dr100 avahi-daemon[320]: Successfully dropped remaining capabilities.
Sep 18 06:48:10 dr100 avahi-daemon[320]: No service file found in /etc/avahi/services.
Sep 18 06:48:10 dr100 avahi-daemon[320]: Network interface enumeration completed.
Sep 18 06:48:10 dr100 avahi-daemon[320]: Server startup complete. Host name is dr100.local. Local service cookie is 1673991246.
Sep 18 06:48:10 dr100 liblogging-stdlog:  [origin software="rsyslogd" swVersion="8.24.0" x-pid="319" x-info="http://www.rsyslog.com"] start
Sep 18 06:48:10 dr100 dhcpcd[330]: dev: loaded udev
Sep 18 06:48:10 dr100 systemd[1]: Started System Logging Service.
Sep 18 06:48:10 dr100 wifi-country[325]: Wi-Fi is disabled because the country is not set
Sep 18 06:48:10 dr100 systemd[1]: Started Disable WiFi if country not set.
Sep 18 06:48:10 dr100 bluealsa[326]: /usr/bin/bluealsa: No HCI device available
Sep 18 06:48:10 dr100 kernel: [    6.261458] Bluetooth: Core ver 2.22
Sep 18 06:48:10 dr100 kernel: [    6.261599] NET: Registered protocol family 31
Sep 18 06:48:10 dr100 kernel: [    6.261606] Bluetooth: HCI device and connection manager initialized
Sep 18 06:48:10 dr100 kernel: [    6.261633] Bluetooth: HCI socket layer initialized
Sep 18 06:48:10 dr100 kernel: [    6.261649] Bluetooth: L2CAP socket layer initialized
Sep 18 06:48:10 dr100 kernel: [    6.261688] Bluetooth: SCO socket layer initialized
Sep 18 06:48:10 dr100 dphys-swapfile[317]: Starting dphys-swapfile swapfile setup ...
Sep 18 06:48:10 dr100 systemd[1]: networking.service: Main process exited, code=exited, status=1/FAILURE
Sep 18 06:48:10 dr100 dhcpcd[330]: forked to background, child pid 379
Sep 18 06:48:10 dr100 systemd[1]: Failed to start Raise network interfaces.
Sep 18 06:48:10 dr100 systemd[1]: networking.service: Unit entered failed state.
Sep 18 06:48:10 dr100 systemd[1]: networking.service: Failed with result 'exit-code'.
Sep 18 06:48:10 dr100 systemd[1]: bluealsa.service: Main process exited, code=exited, status=1/FAILURE
Sep 18 06:48:10 dr100 systemd[1]: bluealsa.service: Unit entered failed state.
Sep 18 06:48:10 dr100 systemd[1]: bluealsa.service: Failed with result 'exit-code'.
Sep 18 06:48:10 dr100 systemd[1]: Started dhcpcd on all interfaces.
Sep 18 06:48:10 dr100 raspi-config[322]: Checking if shift key is held down:Error opening '/dev/input/event*': No such file or directory
Sep 18 06:48:10 dr100 systemd[1]: Started Avahi mDNS/DNS-SD Stack.
Sep 18 06:48:10 dr100 raspi-config[322]:  No. Switching to ondemand scaling governor.
Sep 18 06:48:10 dr100 systemd[1]: Started LSB: Switch to ondemand cpu governor (unless shift key is pressed).
Sep 18 06:48:10 dr100 systemd[1]: Started Login Service.
Sep 18 06:48:10 dr100 systemd[1]: Reached target Network.
Sep 18 06:48:10 dr100 systemd[1]: Starting OpenBSD Secure Shell server...
Sep 18 06:48:10 dr100 systemd[1]: Starting Permit User Sessions...
Sep 18 06:48:10 dr100 systemd[1]: Starting /etc/rc.local Compatibility...
Sep 18 06:48:10 dr100 kernel: [    6.389104] IPv6: ADDRCONF(NETDEV_UP): eth0: link is not ready
Sep 18 06:48:10 dr100 systemd[1]: Starting LSB: Start/stop fluentd...
Sep 18 06:48:10 dr100 dhcpcd[379]: eth0: waiting for carrier
Sep 18 06:48:10 dr100 systemd[1]: Listening on Load/Save RF Kill Switch Status /dev/rfkill Watch.
Sep 18 06:48:10 dr100 systemd[1]: Started Permit User Sessions.
Sep 18 06:48:10 dr100 systemd[1]: Started /etc/rc.local Compatibility.
Sep 18 06:48:10 dr100 systemd[1]: Starting Hold until boot process finishes up...
Sep 18 06:48:10 dr100 systemd[1]: Starting Light Display Manager...
Sep 18 06:48:10 dr100 systemd[1]: Starting Terminate Plymouth Boot Screen...
Sep 18 06:48:10 dr100 systemd[1]: Received SIGRTMIN+21 from PID 190 (plymouthd).
Sep 18 06:48:10 dr100 systemd[1]: Started Hold until boot process finishes up.
Sep 18 06:48:10 dr100 systemd[1]: Started Terminate Plymouth Boot Screen.
Sep 18 06:48:10 dr100 systemd[1]: Started Getty on tty1.
Sep 18 06:48:10 dr100 systemd[1]: Reached target Login Prompts.
Sep 18 06:48:10 dr100 dphys-swapfile[317]: want /var/swap=100MByte, checking existing: keeping it
Sep 18 06:48:10 dr100 dphys-swapfile[317]: done.
Sep 18 06:48:10 dr100 systemd[1]: Started LSB: Autogenerate and use a swap file.
Sep 18 06:48:10 dr100 kernel: [    6.532638] Adding 102396k swap on /var/swap.  Priority:-2 extents:1 across:102396k SSFS
Sep 18 06:48:10 dr100 systemd[1]: Started OpenBSD Secure Shell server.
Sep 18 06:48:10 dr100 lightdm[415]: Error getting user list from org.freedesktop.Accounts: GDBus.Error:org.freedesktop.DBus.Error.ServiceUnknown: The name org.freedesktop.Accounts was not provided by any .service files
Sep 18 06:48:10 dr100 systemd[1]: Started Light Display Manager.
Sep 18 06:48:11 dr100 kernel: [    7.290429] random: crng init done
Sep 18 06:48:11 dr100 kernel: [    7.290444] random: 7 urandom warning(s) missed due to ratelimiting
Sep 18 06:48:12 dr100 lightdm[447]: Error getting user list from org.freedesktop.Accounts: GDBus.Error:org.freedesktop.DBus.Error.ServiceUnknown: The name org.freedesktop.Accounts was not provided by any .service files
Sep 18 06:48:12 dr100 systemd[1]: Created slice User Slice of pi.
Sep 18 06:48:12 dr100 systemd[1]: Starting User Manager for UID 1000...
Sep 18 06:48:12 dr100 systemd[1]: Started Session c1 of user pi.
Sep 18 06:48:12 dr100 systemd[455]: Starting D-Bus User Message Bus Socket.
Sep 18 06:48:12 dr100 systemd[455]: Reached target Paths.
Sep 18 06:48:12 dr100 systemd[455]: Listening on GnuPG cryptographic agent (access for web browsers).
Sep 18 06:48:12 dr100 systemd[455]: Listening on GnuPG cryptographic agent and passphrase cache.
Sep 18 06:48:12 dr100 systemd[455]: Listening on GnuPG cryptographic agent and passphrase cache (restricted).
Sep 18 06:48:12 dr100 systemd[455]: Listening on GnuPG cryptographic agent (ssh-agent emulation).
Sep 18 06:48:12 dr100 systemd[455]: Reached target Timers.
Sep 18 06:48:12 dr100 systemd[455]: Listening on D-Bus User Message Bus Socket.
Sep 18 06:48:12 dr100 systemd[455]: Reached target Sockets.
Sep 18 06:48:12 dr100 systemd[455]: Reached target Basic System.
Sep 18 06:48:12 dr100 systemd[455]: Reached target Default.
Sep 18 06:48:12 dr100 systemd[455]: Startup finished in 72ms.
Sep 18 06:48:12 dr100 systemd[1]: Started User Manager for UID 1000.
Sep 18 06:48:12 dr100 lightdm[415]: Error opening audit socket: Protocol not supported
Sep 18 06:48:12 dr100 systemd[455]: Started D-Bus User Message Bus.
Sep 18 06:48:14 dr100 dbus-daemon[472]: Activating via systemd: service name='org.gtk.vfs.Daemon' unit='gvfs-daemon.service'
Sep 18 06:48:14 dr100 systemd[455]: Starting Virtual filesystem service...
Sep 18 06:48:14 dr100 dbus-daemon[472]: Successfully activated service 'org.gtk.vfs.Daemon'
Sep 18 06:48:14 dr100 systemd[455]: Started Virtual filesystem service.
Sep 18 06:48:14 dr100 kernel: [   10.790971] fuse init (API version 7.26)
Sep 18 06:48:14 dr100 systemd[1]: Mounting FUSE Control File System...
Sep 18 06:48:14 dr100 systemd[1]: Mounted FUSE Control File System.
Sep 18 06:48:14 dr100 dbus[300]: [system] Activating via systemd: service name='org.freedesktop.PolicyKit1' unit='polkit.service'
Sep 18 06:48:14 dr100 systemd[1]: Starting Authorization Manager...
Sep 18 06:48:15 dr100 polkitd[564]: started daemon version 0.105 using authority implementation `local' version `0.105'
Sep 18 06:48:15 dr100 dbus[300]: [system] Successfully activated service 'org.freedesktop.PolicyKit1'
Sep 18 06:48:15 dr100 systemd[1]: Started Authorization Manager.
Sep 18 06:48:15 dr100 systemd[1]: Started Session c2 of user pi.
Sep 18 06:48:15 dr100 dbus-daemon[472]: Activating via systemd: service name='org.gtk.vfs.UDisks2VolumeMonitor' unit='gvfs-udisks2-volume-monitor.service'
Sep 18 06:48:15 dr100 systemd[455]: Starting Virtual filesystem service - disk device monitor...
Sep 18 06:48:15 dr100 dbus[300]: [system] Activating via systemd: service name='org.freedesktop.UDisks2' unit='udisks2.service'
Sep 18 06:48:15 dr100 systemd[1]: Starting Disk Manager...
Sep 18 06:48:15 dr100 udisksd[601]: udisks daemon version 2.1.8 starting
Sep 18 06:48:15 dr100 dbus[300]: [system] Successfully activated service 'org.freedesktop.UDisks2'
Sep 18 06:48:15 dr100 systemd[1]: Started Disk Manager.
Sep 18 06:48:15 dr100 udisksd[601]: Acquired the name org.freedesktop.UDisks2 on the system message bus
Sep 18 06:48:16 dr100 dbus-daemon[472]: Successfully activated service 'org.gtk.vfs.UDisks2VolumeMonitor'
Sep 18 06:48:16 dr100 systemd[455]: Started Virtual filesystem service - disk device monitor.
Sep 18 06:48:16 dr100 dbus-daemon[472]: Activating via systemd: service name='org.gtk.vfs.AfcVolumeMonitor' unit='gvfs-afc-volume-monitor.service'
Sep 18 06:48:16 dr100 systemd[455]: Starting Virtual filesystem service - Apple File Conduit monitor...
Sep 18 06:48:16 dr100 gvfs-afc-volume-monitor[627]: Volume monitor alive
Sep 18 06:48:16 dr100 dbus-daemon[472]: Successfully activated service 'org.gtk.vfs.AfcVolumeMonitor'
Sep 18 06:48:16 dr100 systemd[455]: Started Virtual filesystem service - Apple File Conduit monitor.
Sep 18 06:48:16 dr100 dbus-daemon[472]: Activating via systemd: service name='org.gtk.vfs.GPhoto2VolumeMonitor' unit='gvfs-gphoto2-volume-monitor.service'
Sep 18 06:48:16 dr100 systemd[455]: Starting Virtual filesystem service - digital camera monitor...
Sep 18 06:48:16 dr100 dbus-daemon[472]: Successfully activated service 'org.gtk.vfs.GPhoto2VolumeMonitor'
Sep 18 06:48:16 dr100 systemd[455]: Started Virtual filesystem service - digital camera monitor.
Sep 18 06:48:16 dr100 dbus-daemon[472]: Activating via systemd: service name='org.gtk.vfs.GoaVolumeMonitor' unit='gvfs-goa-volume-monitor.service'
Sep 18 06:48:16 dr100 systemd[455]: Starting Virtual filesystem service - GNOME Online Accounts monitor...
Sep 18 06:48:16 dr100 dbus-daemon[472]: Successfully activated service 'org.gtk.vfs.GoaVolumeMonitor'
Sep 18 06:48:16 dr100 systemd[455]: Started Virtual filesystem service - GNOME Online Accounts monitor.
Sep 18 06:48:16 dr100 dbus-daemon[472]: Activating via systemd: service name='org.gtk.vfs.MTPVolumeMonitor' unit='gvfs-mtp-volume-monitor.service'
Sep 18 06:48:16 dr100 systemd[455]: Starting Virtual filesystem service - Media Transfer Protocol monitor...
Sep 18 06:48:16 dr100 dbus-daemon[472]: Successfully activated service 'org.gtk.vfs.MTPVolumeMonitor'
Sep 18 06:48:16 dr100 systemd[455]: Started Virtual filesystem service - Media Transfer Protocol monitor.
Sep 18 06:48:18 dr100 kernel: [   14.291533] usb 1-1.1.2: new high-speed USB device number 5 using dwc_otg
Sep 18 06:48:18 dr100 kernel: [   14.431605] usb 1-1.1.2: New USB device found, idVendor=2c7c, idProduct=0125
Sep 18 06:48:18 dr100 kernel: [   14.431622] usb 1-1.1.2: New USB device strings: Mfr=1, Product=2, SerialNumber=0
Sep 18 06:48:18 dr100 kernel: [   14.431630] usb 1-1.1.2: Product: Android
Sep 18 06:48:18 dr100 kernel: [   14.431639] usb 1-1.1.2: Manufacturer: Android
Sep 18 06:48:18 dr100 mtp-probe: checking bus 1, device 5: "/sys/devices/platform/soc/3f980000.usb/usb1/1-1/1-1.1/1-1.1.2"
Sep 18 06:48:18 dr100 mtp-probe: bus: 1, device: 5 was not an MTP device
Sep 18 06:48:18 dr100 kernel: [   14.504704] usbcore: registered new interface driver usbserial
Sep 18 06:48:18 dr100 kernel: [   14.504775] usbcore: registered new interface driver usbserial_generic
Sep 18 06:48:18 dr100 kernel: [   14.504839] usbserial: USB Serial support registered for generic
Sep 18 06:48:18 dr100 kernel: [   14.511358] usbcore: registered new interface driver cdc_wdm
Sep 18 06:48:18 dr100 kernel: [   14.523804] usbcore: registered new interface driver option
Sep 18 06:48:18 dr100 kernel: [   14.523885] usbserial: USB Serial support registered for GSM modem (1-port)
Sep 18 06:48:18 dr100 kernel: [   14.524508] option 1-1.1.2:1.0: GSM modem (1-port) converter detected
Sep 18 06:48:18 dr100 kernel: [   14.524900] usb 1-1.1.2: GSM modem (1-port) converter now attached to ttyUSB0
Sep 18 06:48:18 dr100 kernel: [   14.525258] option 1-1.1.2:1.1: GSM modem (1-port) converter detected
Sep 18 06:48:18 dr100 kernel: [   14.528766] usb 1-1.1.2: GSM modem (1-port) converter now attached to ttyUSB1
Sep 18 06:48:18 dr100 kernel: [   14.529162] option 1-1.1.2:1.2: GSM modem (1-port) converter detected
Sep 18 06:48:18 dr100 kernel: [   14.529796] usb 1-1.1.2: GSM modem (1-port) converter now attached to ttyUSB2
Sep 18 06:48:18 dr100 kernel: [   14.530164] option 1-1.1.2:1.3: GSM modem (1-port) converter detected
Sep 18 06:48:18 dr100 kernel: [   14.531982] usb 1-1.1.2: GSM modem (1-port) converter now attached to ttyUSB3
Sep 18 06:48:18 dr100 kernel: [   14.532835] qmi_wwan 1-1.1.2:1.4: cdc-wdm0: USB WDM device
Sep 18 06:48:18 dr100 kernel: [   14.534222] qmi_wwan 1-1.1.2:1.4 wwan0: register 'qmi_wwan' at usb-3f980000.usb-1.1.2, WWAN/QMI device, 7e:91:47:47:62:09
Sep 18 06:48:18 dr100 kernel: [   14.534459] usbcore: registered new interface driver qmi_wwan
Sep 18 06:48:18 dr100 systemd[1]: Found device Android.
Sep 18 06:48:18 dr100 systemd[1]: Started ifup for wwan0.
Sep 18 06:48:18 dr100 kernel: [   14.681568] usb 1-1.3: new high-speed USB device number 6 using dwc_otg
Sep 18 06:48:18 dr100 systemd[1]: Reloading OpenBSD Secure Shell server.
Sep 18 06:48:18 dr100 kernel: [   14.821633] usb 1-1.3: New USB device found, idVendor=2c7c, idProduct=0125
Sep 18 06:48:18 dr100 kernel: [   14.821645] usb 1-1.3: New USB device strings: Mfr=1, Product=2, SerialNumber=0
Sep 18 06:48:18 dr100 kernel: [   14.821649] usb 1-1.3: Product: Android
Sep 18 06:48:18 dr100 kernel: [   14.821652] usb 1-1.3: Manufacturer: Android
Sep 18 06:48:18 dr100 kernel: [   14.826090] option 1-1.3:1.0: GSM modem (1-port) converter detected
Sep 18 06:48:18 dr100 kernel: [   14.826342] usb 1-1.3: GSM modem (1-port) converter now attached to ttyUSB4
Sep 18 06:48:18 dr100 kernel: [   14.826667] option 1-1.3:1.1: GSM modem (1-port) converter detected
Sep 18 06:48:18 dr100 kernel: [   14.826893] usb 1-1.3: GSM modem (1-port) converter now attached to ttyUSB5
Sep 18 06:48:18 dr100 kernel: [   14.827198] option 1-1.3:1.2: GSM modem (1-port) converter detected
Sep 18 06:48:18 dr100 kernel: [   14.827430] usb 1-1.3: GSM modem (1-port) converter now attached to ttyUSB6
Sep 18 06:48:18 dr100 kernel: [   14.827738] option 1-1.3:1.3: GSM modem (1-port) converter detected
Sep 18 06:48:18 dr100 kernel: [   14.828474] usb 1-1.3: GSM modem (1-port) converter now attached to ttyUSB7
Sep 18 06:48:18 dr100 kernel: [   14.829437] qmi_wwan 1-1.3:1.4: cdc-wdm1: USB WDM device
Sep 18 06:48:18 dr100 kernel: [   14.830829] qmi_wwan 1-1.3:1.4 wwan1: register 'qmi_wwan' at usb-3f980000.usb-1.3, WWAN/QMI device, 7e:91:47:47:62:09
Sep 18 06:48:18 dr100 systemd[1]: Reloaded OpenBSD Secure Shell server.
Sep 18 06:48:18 dr100 mtp-probe: checking bus 1, device 6: "/sys/devices/platform/soc/3f980000.usb/usb1/1-1/1-1.3"
Sep 18 06:48:18 dr100 mtp-probe: bus: 1, device: 6 was not an MTP device
Sep 18 06:48:18 dr100 sh[697]: wwan0=wwan0
Sep 18 06:48:18 dr100 kernel: [   14.911552] usb 1-1.1.3: new high-speed USB device number 7 using dwc_otg
Sep 18 06:48:18 dr100 systemd[1]: Found device Android.
Sep 18 06:48:18 dr100 systemd[1]: Started ifup for wwan1.
Sep 18 06:48:18 dr100 kernel: [   15.051642] usb 1-1.1.3: New USB device found, idVendor=2c7c, idProduct=0125
Sep 18 06:48:18 dr100 kernel: [   15.051651] usb 1-1.1.3: New USB device strings: Mfr=1, Product=2, SerialNumber=0
Sep 18 06:48:18 dr100 kernel: [   15.051655] usb 1-1.1.3: Product: Android
Sep 18 06:48:18 dr100 mtp-probe: checking bus 1, device 7: "/sys/devices/platform/soc/3f980000.usb/usb1/1-1/1-1.1/1-1.1.3"
Sep 18 06:48:18 dr100 kernel: [   15.051659] usb 1-1.1.3: Manufacturer: Android
Sep 18 06:48:18 dr100 kernel: [   15.053221] option 1-1.1.3:1.0: GSM modem (1-port) converter detected
Sep 18 06:48:18 dr100 kernel: [   15.053526] usb 1-1.1.3: GSM modem (1-port) converter now attached to ttyUSB8
Sep 18 06:48:18 dr100 kernel: [   15.053815] option 1-1.1.3:1.1: GSM modem (1-port) converter detected
